******************************************************************************
                  TI ARM Linker PC v18.1.1                     
******************************************************************************
>> Linked Fri Sep  7 18:44:16 2018

OUTPUT FILE NAME:   <bluetooth-config-tool.out>
ENTRY POINT SYMBOL: "_c_int00_noargs"  address: 000008b5


MEMORY CONFIGURATION

         name            origin    length      used     unused   attr    fill
----------------------  --------  ---------  --------  --------  ----  --------
  MAIN                  00000000   00040000  00000b08  0003f4f8  R  X
  INFO                  00200000   00004000  00000000  00004000  R  X
  SRAM_CODE             01000000   00010000  000002bd  0000fd43  RW X
  SRAM_DATA             20000000   00010000  000002bd  0000fd43  RW  


SEGMENT ALLOCATION MAP

run origin  load origin   length   init length attrs members
----------  ----------- ---------- ----------- ----- -------
00000000    00000000    00000b08   00000b08    r-x
  00000000    00000000    000000e4   000000e4    r-- .intvecs
  000000e4    000000e4    00000944   00000944    r-x .text
  00000a28    00000a28    00000088   00000088    r-- .const
  00000ab0    00000ab0    00000058   00000058    r-- .cinit
20000000    20000000    000000bd   00000000    rw-
  20000000    20000000    00000088   00000000    rw- .bss
  20000088    20000088    00000035   00000000    rw- .data
2000fe00    2000fe00    00000200   00000000    rw-
  2000fe00    2000fe00    00000200   00000000    rw- .stack


SECTION ALLOCATION MAP

 output                                  attributes/
section   page    origin      length       input sections
--------  ----  ----------  ----------   ----------------
.intvecs   0    00000000    000000e4     
                  00000000    000000e4     startup_msp432p401r_ccs.obj (.intvecs:retain)

.text      0    000000e4    00000944     
                  000000e4    00000334     system_msp432p401r.obj (.text)
                  00000418    000000cc     main.obj (.text)
                  000004e4    000000a4     ble.obj (.text)
                  00000588    000000a4     usb.obj (.text)
                  0000062c    0000009c     rtsv7M4_T_le_v4SPD16_eabi.lib : memcpy_t2.asm.obj (.text)
                  000006c8    00000094     msp432p4xx_driverlib.lib : uart.o (.text:UART_initModule)
                  0000075c    00000068     rtsv7M4_T_le_v4SPD16_eabi.lib : copy_decompress_lzss.c.obj (.text:decompress:lzss:__TI_decompress_lzss)
                  000007c4    00000064     msp432p4xx_driverlib.lib : interrupt.o (.text:Interrupt_enableInterrupt)
                  00000828    00000048                              : gpio.o (.text:GPIO_setAsPeripheralModuleFunctionInputPin)
                  00000870    00000044     rtsv7M4_T_le_v4SPD16_eabi.lib : autoinit.c.obj (.text:__TI_auto_init_nobinit_nopinit:__TI_auto_init_nobinit_nopinit)
                  000008b4    00000038                                   : boot_cortex_m.c.obj (.text:_c_int00_noargs:_c_int00_noargs)
                  000008ec    00000030     msp432p4xx_driverlib.lib : uart.o (.text:UART_getEnabledInterruptStatus)
                  0000091c    00000024                              : cs.o (.text:CS_setDCOCenteredFrequency)
                  00000940    00000024                              : uart.o (.text:UART_receiveData)
                  00000964    00000024                              : uart.o (.text:UART_transmitData)
                  00000988    00000018                              : wdt_a.o (.text:WDT_A_holdTimer)
                  000009a0    00000016                              : uart.o (.text:UART_enableInterrupt)
                  000009b6    00000012     rtsv7M4_T_le_v4SPD16_eabi.lib : copy_zero_init.c.obj (.text:decompress:ZI:__TI_zero_init_nomemset:__TI_zero_init_nomemset)
                  000009c8    00000010     msp432p4xx_driverlib.lib : interrupt.o (.text:Interrupt_enableMaster)
                  000009d8    0000000e                              : uart.o (.text:UART_clearInterruptFlag)
                  000009e6    0000000e     rtsv7M4_T_le_v4SPD16_eabi.lib : copy_decompress_none.c.obj (.text:decompress:none:__TI_decompress_none)
                  000009f4    0000000e     startup_msp432p401r_ccs.obj (.text)
                  00000a02    0000000c     msp432p4xx_driverlib.lib : cpu.o (.text:CPU_cpsie)
                  00000a0e    0000000c                              : uart.o (.text:UART_enableModule)
                  00000a1a    00000006                              : uart.o (.text:UART_getInterruptStatus)
                  00000a20    00000004     rtsv7M4_T_le_v4SPD16_eabi.lib : pre_init.c.obj (.text:_system_pre_init)
                  00000a24    00000004                                   : exit.c.obj (.text:abort:abort)

.const     0    00000a28    00000088     
                  00000a28    00000040     msp432p4xx_driverlib.lib : interrupt.o (.const)
                  00000a68    00000024     ble.obj (.const:bleUARTConfig)
                  00000a8c    00000024     usb.obj (.const:usbUARTConfig)

.cinit     0    00000ab0    00000058     
                  00000ab0    00000030     (.cinit..data.load) [load image, compression = lzss]
                  00000ae0    0000000c     (__TI_handler_table)
                  00000aec    00000004     --HOLE-- [fill = 0]
                  00000af0    00000008     (.cinit..bss.load) [load image, compression = zero_init]
                  00000af8    00000010     (__TI_cinit_table)

.init_array 
*          0    00000000    00000000     UNINITIALIZED

.binit     0    00000000    00000000     

.bss       0    20000000    00000088     UNINITIALIZED
                  20000000    00000080     main.obj (.bss:buffer$1)
                  20000080    00000004     (.common:_bleCallbackFxn)
                  20000084    00000004     (.common:_usbCallbackFxn)

.data      0    20000088    00000035     UNINITIALIZED
                  20000088    00000030     msp432p4xx_driverlib.lib : gpio.o (.data:GPIO_PORT_TO_BASE)
                  200000b8    00000004     system_msp432p401r.obj (.data)
                  200000bc    00000001     main.obj (.data)

.stack     0    2000fe00    00000200     UNINITIALIZED
                  2000fe00    00000004     rtsv7M4_T_le_v4SPD16_eabi.lib : boot_cortex_m.c.obj (.stack)
                  2000fe04    000001fc     --HOLE--

MODULE SUMMARY

       Module                        code   ro data   rw data
       ------                        ----   -------   -------
    .\src\
       system_msp432p401r.obj        820    0         8      
       main.obj                      204    0         258    
       startup_msp432p401r_ccs.obj   14     228       0      
    +--+-----------------------------+------+---------+---------+
       Total:                        1038   228       266    
                                                             
    .\src\communication\
       ble.obj                       164    36        8      
       usb.obj                       164    36        8      
    +--+-----------------------------+------+---------+---------+
       Total:                        328    72        16     
                                                             
    C:/ti8/msp432_driverlib_3_21_00_05/driverlib/ccs/msp432p4xx_driverlib.lib
       uart.o                        322    0         0      
       interrupt.o                   116    64        0      
       gpio.o                        72     0         96     
       cs.o                          36     0         0      
       wdt_a.o                       24     0         0      
       cpu.o                         12     0         0      
    +--+-----------------------------+------+---------+---------+
       Total:                        582    64        96     
                                                             
    C:\ti8\ccsv8\tools\compiler\ti-cgt-arm_18.1.1.LTS\lib\rtsv7M4_T_le_v4SPD16_eabi.lib
       memcpy_t2.asm.obj             156    0         0      
       copy_decompress_lzss.c.obj    104    0         0      
       autoinit.c.obj                68     0         0      
       boot_cortex_m.c.obj           56     0         0      
       copy_zero_init.c.obj          18     0         0      
       copy_decompress_none.c.obj    14     0         0      
       exit.c.obj                    4      0         0      
       pre_init.c.obj                4      0         0      
    +--+-----------------------------+------+---------+---------+
       Total:                        424    0         0      
                                                             
       Stack:                        0      0         1024   
       Linker Generated:             0      84        0      
    +--+-----------------------------+------+---------+---------+
       Grand Total:                  2372   448       1402   


LINKER GENERATED COPY TABLES

__TI_cinit_table @ 00000af8 records: 2, size/record: 8, table size: 16
	.data: load addr=00000ab0, load size=00000030 bytes, run addr=20000088, run size=00000035 bytes, compression=lzss
	.bss: load addr=00000af0, load size=00000008 bytes, run addr=20000000, run size=00000088 bytes, compression=zero_init


LINKER GENERATED HANDLER TABLE

__TI_handler_table @ 00000ae0 records: 3, size/record: 4, table size: 12
	index: 0, handler: __TI_decompress_lzss
	index: 1, handler: __TI_decompress_none
	index: 2, handler: __TI_zero_init


GLOBAL SYMBOLS: SORTED ALPHABETICALLY BY Name 

address   name                                      
-------   ----                                      
00000a01  ADC14_IRQHandler                          
00000a01  AES256_IRQHandler                         
00000a01  BusFault_Handler                          
00000a25  C$$EXIT                                   
00000a01  COMP_E0_IRQHandler                        
00000a01  COMP_E1_IRQHandler                        
00000a03  CPU_cpsie                                 
00000a01  CS_IRQHandler                             
0000091d  CS_setDCOCenteredFrequency                
00000a01  DMA_ERR_IRQHandler                        
00000a01  DMA_INT0_IRQHandler                       
00000a01  DMA_INT1_IRQHandler                       
00000a01  DMA_INT2_IRQHandler                       
00000a01  DMA_INT3_IRQHandler                       
00000a01  DebugMon_Handler                          
00000a01  Default_Handler                           
00000a01  EUSCIA1_IRQHandler                        
00000a01  EUSCIA3_IRQHandler                        
00000a01  EUSCIB0_IRQHandler                        
00000a01  EUSCIB1_IRQHandler                        
00000a01  EUSCIB2_IRQHandler                        
00000a01  EUSCIB3_IRQHandler                        
00000a01  FLCTL_IRQHandler                          
00000a01  FPU_IRQHandler                            
00000829  GPIO_setAsPeripheralModuleFunctionInputPin
00000a01  HardFault_Handler                         
000007c5  Interrupt_enableInterrupt                 
000009c9  Interrupt_enableMaster                    
00000a01  MemManage_Handler                         
00000a01  NMI_Handler                               
00000a01  PCM_IRQHandler                            
00000a01  PORT1_IRQHandler                          
00000a01  PORT2_IRQHandler                          
00000a01  PORT3_IRQHandler                          
00000a01  PORT4_IRQHandler                          
00000a01  PORT5_IRQHandler                          
00000a01  PORT6_IRQHandler                          
00000a01  PSS_IRQHandler                            
00000a01  PendSV_Handler                            
00000a01  RTC_C_IRQHandler                          
000009f5  Reset_Handler                             
00000a01  SVC_Handler                               
00000a01  SysTick_Handler                           
200000b8  SystemCoreClock                           
000000e5  SystemCoreClockUpdate                     
0000035d  SystemInit                                
00000a01  T32_INT2_IRQHandler                       
00000a01  T32_INTC_IRQHandler                       
00000a01  TA0_0_IRQHandler                          
00000a01  TA0_N_IRQHandler                          
00000a01  TA1_0_IRQHandler                          
00000a01  TA1_N_IRQHandler                          
00000a01  TA2_0_IRQHandler                          
00000a01  TA2_N_IRQHandler                          
00000a01  TA3_0_IRQHandler                          
00000a01  TA3_N_IRQHandler                          
000009d9  UART_clearInterruptFlag                   
000009a1  UART_enableInterrupt                      
00000a0f  UART_enableModule                         
000008ed  UART_getEnabledInterruptStatus            
00000a1b  UART_getInterruptStatus                   
000006c9  UART_initModule                           
00000941  UART_receiveData                          
00000965  UART_transmitData                         
00000a01  UsageFault_Handler                        
4000480c  WDTCTL_SYM                                
00000a01  WDT_A_IRQHandler                          
00000989  WDT_A_holdTimer                           
20010000  __STACK_END                               
00000200  __STACK_SIZE                              
00000af8  __TI_CINIT_Base                           
00000b08  __TI_CINIT_Limit                          
00000ae0  __TI_Handler_Table_Base                   
00000aec  __TI_Handler_Table_Limit                  
00000871  __TI_auto_init_nobinit_nopinit            
0000075d  __TI_decompress_lzss                      
000009e7  __TI_decompress_none                      
ffffffff  __TI_pprof_out_hndl                       
ffffffff  __TI_prof_data_size                       
ffffffff  __TI_prof_data_start                      
00000000  __TI_static_base__                        
000009b7  __TI_zero_init_nomemset                   
0000062d  __aeabi_memcpy                            
0000062d  __aeabi_memcpy4                           
0000062d  __aeabi_memcpy8                           
ffffffff  __binit__                                 
ffffffff  __c_args__                                
UNDEFED   __mpu_init                                
2000fe00  __stack                                   
20000080  _bleCallbackFxn                           
000008b5  _c_int00_noargs                           
UNDEFED   _system_post_cinit                        
00000a21  _system_pre_init                          
20000084  _usbCallbackFxn                           
00000a25  abort                                     
ffffffff  binit                                     
000004bf  bleCallbackFxn                            
00000a68  bleUARTConfig                             
000004e5  ble_init                                  
00000517  ble_intHandler                            
00000517  ble_intHandler                            
00000547  ble_sendBuffer                            
00000000  interruptVectors                          
00000419  main                                      
0000062d  memcpy                                    
000004af  newLineAndReturn                          
00000497  processUsbCommand                         
00000a01  timer32IntHandler                         
0000043d  usbCallbackFxn                            
00000a8c  usbUARTConfig                             
00000589  usb_init                                  
000005bb  usb_intHandler                            
000005bb  usb_intHandler                            
000005eb  usb_sendBuffer                            


GLOBAL SYMBOLS: SORTED BY Symbol Address 

address   name                                      
-------   ----                                      
00000000  __TI_static_base__                        
00000000  interruptVectors                          
000000e5  SystemCoreClockUpdate                     
00000200  __STACK_SIZE                              
0000035d  SystemInit                                
00000419  main                                      
0000043d  usbCallbackFxn                            
00000497  processUsbCommand                         
000004af  newLineAndReturn                          
000004bf  bleCallbackFxn                            
000004e5  ble_init                                  
00000517  ble_intHandler                            
00000517  ble_intHandler                            
00000547  ble_sendBuffer                            
00000589  usb_init                                  
000005bb  usb_intHandler                            
000005bb  usb_intHandler                            
000005eb  usb_sendBuffer                            
0000062d  __aeabi_memcpy                            
0000062d  __aeabi_memcpy4                           
0000062d  __aeabi_memcpy8                           
0000062d  memcpy                                    
000006c9  UART_initModule                           
0000075d  __TI_decompress_lzss                      
000007c5  Interrupt_enableInterrupt                 
00000829  GPIO_setAsPeripheralModuleFunctionInputPin
00000871  __TI_auto_init_nobinit_nopinit            
000008b5  _c_int00_noargs                           
000008ed  UART_getEnabledInterruptStatus            
0000091d  CS_setDCOCenteredFrequency                
00000941  UART_receiveData                          
00000965  UART_transmitData                         
00000989  WDT_A_holdTimer                           
000009a1  UART_enableInterrupt                      
000009b7  __TI_zero_init_nomemset                   
000009c9  Interrupt_enableMaster                    
000009d9  UART_clearInterruptFlag                   
000009e7  __TI_decompress_none                      
000009f5  Reset_Handler                             
00000a01  ADC14_IRQHandler                          
00000a01  AES256_IRQHandler                         
00000a01  BusFault_Handler                          
00000a01  COMP_E0_IRQHandler                        
00000a01  COMP_E1_IRQHandler                        
00000a01  CS_IRQHandler                             
00000a01  DMA_ERR_IRQHandler                        
00000a01  DMA_INT0_IRQHandler                       
00000a01  DMA_INT1_IRQHandler                       
00000a01  DMA_INT2_IRQHandler                       
00000a01  DMA_INT3_IRQHandler                       
00000a01  DebugMon_Handler                          
00000a01  Default_Handler                           
00000a01  EUSCIA1_IRQHandler                        
00000a01  EUSCIA3_IRQHandler                        
00000a01  EUSCIB0_IRQHandler                        
00000a01  EUSCIB1_IRQHandler                        
00000a01  EUSCIB2_IRQHandler                        
00000a01  EUSCIB3_IRQHandler                        
00000a01  FLCTL_IRQHandler                          
00000a01  FPU_IRQHandler                            
00000a01  HardFault_Handler                         
00000a01  MemManage_Handler                         
00000a01  NMI_Handler                               
00000a01  PCM_IRQHandler                            
00000a01  PORT1_IRQHandler                          
00000a01  PORT2_IRQHandler                          
00000a01  PORT3_IRQHandler                          
00000a01  PORT4_IRQHandler                          
00000a01  PORT5_IRQHandler                          
00000a01  PORT6_IRQHandler                          
00000a01  PSS_IRQHandler                            
00000a01  PendSV_Handler                            
00000a01  RTC_C_IRQHandler                          
00000a01  SVC_Handler                               
00000a01  SysTick_Handler                           
00000a01  T32_INT2_IRQHandler                       
00000a01  T32_INTC_IRQHandler                       
00000a01  TA0_0_IRQHandler                          
00000a01  TA0_N_IRQHandler                          
00000a01  TA1_0_IRQHandler                          
00000a01  TA1_N_IRQHandler                          
00000a01  TA2_0_IRQHandler                          
00000a01  TA2_N_IRQHandler                          
00000a01  TA3_0_IRQHandler                          
00000a01  TA3_N_IRQHandler                          
00000a01  UsageFault_Handler                        
00000a01  WDT_A_IRQHandler                          
00000a01  timer32IntHandler                         
00000a03  CPU_cpsie                                 
00000a0f  UART_enableModule                         
00000a1b  UART_getInterruptStatus                   
00000a21  _system_pre_init                          
00000a25  C$$EXIT                                   
00000a25  abort                                     
00000a68  bleUARTConfig                             
00000a8c  usbUARTConfig                             
00000ae0  __TI_Handler_Table_Base                   
00000aec  __TI_Handler_Table_Limit                  
00000af8  __TI_CINIT_Base                           
00000b08  __TI_CINIT_Limit                          
20000080  _bleCallbackFxn                           
20000084  _usbCallbackFxn                           
200000b8  SystemCoreClock                           
2000fe00  __stack                                   
20010000  __STACK_END                               
4000480c  WDTCTL_SYM                                
ffffffff  __TI_pprof_out_hndl                       
ffffffff  __TI_prof_data_size                       
ffffffff  __TI_prof_data_start                      
ffffffff  __binit__                                 
ffffffff  __c_args__                                
ffffffff  binit                                     
UNDEFED   __mpu_init                                
UNDEFED   _system_post_cinit                        

[114 symbols]
