<?xml version="1.0" encoding="ISO-8859-1" ?>
<link_info>
   <banner>TI ARM Linker PC v18.1.1.LTS</banner>
   <copyright>Copyright (c) 1996-2017 Texas Instruments Incorporated</copyright>
   <link_time>0x5b930d50</link_time>
   <link_errors>0x0</link_errors>
   <output_file>bluetooth-config-tool.out</output_file>
   <entry_point>
      <name>_c_int00_noargs</name>
      <address>0x8b5</address>
   </entry_point>
   <input_file_list>
      <input_file id="fl-2">
         <path>.\src\communication\</path>
         <kind>object</kind>
         <file>ble.obj</file>
         <name>ble.obj</name>
      </input_file>
      <input_file id="fl-3">
         <path>.\src\communication\</path>
         <kind>object</kind>
         <file>usb.obj</file>
         <name>usb.obj</name>
      </input_file>
      <input_file id="fl-4">
         <path>.\src\</path>
         <kind>object</kind>
         <file>main.obj</file>
         <name>main.obj</name>
      </input_file>
      <input_file id="fl-5">
         <path>.\src\</path>
         <kind>object</kind>
         <file>startup_msp432p401r_ccs.obj</file>
         <name>startup_msp432p401r_ccs.obj</name>
      </input_file>
      <input_file id="fl-6">
         <path>.\src\</path>
         <kind>object</kind>
         <file>system_msp432p401r.obj</file>
         <name>system_msp432p401r.obj</name>
      </input_file>
      <input_file id="fl-c">
         <kind>object</kind>
         <file>&lt;internal&gt;</file>
         <name>&lt;internal&gt;</name>
      </input_file>
      <input_file id="fl-d">
         <path>C:\ti8\msp432_driverlib_3_21_00_05\driverlib\ccs\</path>
         <kind>archive</kind>
         <file>msp432p4xx_driverlib.lib</file>
         <name>cs.o</name>
      </input_file>
      <input_file id="fl-e">
         <path>C:\ti8\msp432_driverlib_3_21_00_05\driverlib\ccs\</path>
         <kind>archive</kind>
         <file>msp432p4xx_driverlib.lib</file>
         <name>gpio.o</name>
      </input_file>
      <input_file id="fl-f">
         <path>C:\ti8\msp432_driverlib_3_21_00_05\driverlib\ccs\</path>
         <kind>archive</kind>
         <file>msp432p4xx_driverlib.lib</file>
         <name>interrupt.o</name>
      </input_file>
      <input_file id="fl-10">
         <path>C:\ti8\msp432_driverlib_3_21_00_05\driverlib\ccs\</path>
         <kind>archive</kind>
         <file>msp432p4xx_driverlib.lib</file>
         <name>sysctl.o</name>
      </input_file>
      <input_file id="fl-11">
         <path>C:\ti8\msp432_driverlib_3_21_00_05\driverlib\ccs\</path>
         <kind>archive</kind>
         <file>msp432p4xx_driverlib.lib</file>
         <name>uart.o</name>
      </input_file>
      <input_file id="fl-12">
         <path>C:\ti8\msp432_driverlib_3_21_00_05\driverlib\ccs\</path>
         <kind>archive</kind>
         <file>msp432p4xx_driverlib.lib</file>
         <name>wdt_a.o</name>
      </input_file>
      <input_file id="fl-13">
         <path>C:\ti8\msp432_driverlib_3_21_00_05\driverlib\ccs\</path>
         <kind>archive</kind>
         <file>msp432p4xx_driverlib.lib</file>
         <name>cpu.o</name>
      </input_file>
      <input_file id="fl-c9">
         <path>C:\ti8\ccsv8\tools\compiler\ti-cgt-arm_18.1.1.LTS\lib\</path>
         <kind>archive</kind>
         <file>rtsv7M4_T_le_v4SPD16_eabi.lib</file>
         <name>copy_zero_init.c.obj</name>
      </input_file>
      <input_file id="fl-ca">
         <path>C:\ti8\ccsv8\tools\compiler\ti-cgt-arm_18.1.1.LTS\lib\</path>
         <kind>archive</kind>
         <file>rtsv7M4_T_le_v4SPD16_eabi.lib</file>
         <name>copy_decompress_none.c.obj</name>
      </input_file>
      <input_file id="fl-cb">
         <path>C:\ti8\ccsv8\tools\compiler\ti-cgt-arm_18.1.1.LTS\lib\</path>
         <kind>archive</kind>
         <file>rtsv7M4_T_le_v4SPD16_eabi.lib</file>
         <name>copy_decompress_lzss.c.obj</name>
      </input_file>
      <input_file id="fl-cc">
         <path>C:\ti8\ccsv8\tools\compiler\ti-cgt-arm_18.1.1.LTS\lib\</path>
         <kind>archive</kind>
         <file>rtsv7M4_T_le_v4SPD16_eabi.lib</file>
         <name>boot_cortex_m.c.obj</name>
      </input_file>
      <input_file id="fl-cd">
         <path>C:\ti8\ccsv8\tools\compiler\ti-cgt-arm_18.1.1.LTS\lib\</path>
         <kind>archive</kind>
         <file>rtsv7M4_T_le_v4SPD16_eabi.lib</file>
         <name>exit.c.obj</name>
      </input_file>
      <input_file id="fl-ce">
         <path>C:\ti8\ccsv8\tools\compiler\ti-cgt-arm_18.1.1.LTS\lib\</path>
         <kind>archive</kind>
         <file>rtsv7M4_T_le_v4SPD16_eabi.lib</file>
         <name>_lock.c.obj</name>
      </input_file>
      <input_file id="fl-cf">
         <path>C:\ti8\ccsv8\tools\compiler\ti-cgt-arm_18.1.1.LTS\lib\</path>
         <kind>archive</kind>
         <file>rtsv7M4_T_le_v4SPD16_eabi.lib</file>
         <name>args_main.c.obj</name>
      </input_file>
      <input_file id="fl-d0">
         <path>C:\ti8\ccsv8\tools\compiler\ti-cgt-arm_18.1.1.LTS\lib\</path>
         <kind>archive</kind>
         <file>rtsv7M4_T_le_v4SPD16_eabi.lib</file>
         <name>memcpy_t2.asm.obj</name>
      </input_file>
      <input_file id="fl-d1">
         <path>C:\ti8\ccsv8\tools\compiler\ti-cgt-arm_18.1.1.LTS\lib\</path>
         <kind>archive</kind>
         <file>rtsv7M4_T_le_v4SPD16_eabi.lib</file>
         <name>memset_t2.asm.obj</name>
      </input_file>
      <input_file id="fl-d2">
         <path>C:\ti8\ccsv8\tools\compiler\ti-cgt-arm_18.1.1.LTS\lib\</path>
         <kind>archive</kind>
         <file>rtsv7M4_T_le_v4SPD16_eabi.lib</file>
         <name>autoinit.c.obj</name>
      </input_file>
      <input_file id="fl-d3">
         <path>C:\ti8\ccsv8\tools\compiler\ti-cgt-arm_18.1.1.LTS\lib\</path>
         <kind>archive</kind>
         <file>rtsv7M4_T_le_v4SPD16_eabi.lib</file>
         <name>pre_init.c.obj</name>
      </input_file>
      <input_file id="fl-d4">
         <path>C:\ti8\ccsv8\tools\compiler\ti-cgt-arm_18.1.1.LTS\lib\</path>
         <kind>archive</kind>
         <file>rtsv7M4_T_le_v4SPD16_eabi.lib</file>
         <name>cpy_tbl.c.obj</name>
      </input_file>
   </input_file_list>
   <object_component_list>
      <object_component id="oc-23">
         <name>.intvecs:retain</name>
         <load_address>0x0</load_address>
         <run_address>0x0</run_address>
         <size>0xe4</size>
         <input_file_ref idref="fl-5"/>
      </object_component>
      <object_component id="oc-ae">
         <name>.text</name>
         <load_address>0xe4</load_address>
         <run_address>0xe4</run_address>
         <size>0x334</size>
         <input_file_ref idref="fl-6"/>
      </object_component>
      <object_component id="oc-9c">
         <name>.text</name>
         <load_address>0x418</load_address>
         <run_address>0x418</run_address>
         <size>0xcc</size>
         <input_file_ref idref="fl-4"/>
      </object_component>
      <object_component id="oc-70">
         <name>.text</name>
         <load_address>0x4e4</load_address>
         <run_address>0x4e4</run_address>
         <size>0xa4</size>
         <input_file_ref idref="fl-2"/>
      </object_component>
      <object_component id="oc-6a">
         <name>.text</name>
         <load_address>0x588</load_address>
         <run_address>0x588</run_address>
         <size>0xa4</size>
         <input_file_ref idref="fl-3"/>
      </object_component>
      <object_component id="oc-34">
         <name>.text</name>
         <load_address>0x62c</load_address>
         <run_address>0x62c</run_address>
         <size>0x9c</size>
         <input_file_ref idref="fl-d0"/>
      </object_component>
      <object_component id="oc-bb">
         <name>.text:UART_initModule</name>
         <load_address>0x6c8</load_address>
         <run_address>0x6c8</run_address>
         <size>0x94</size>
         <input_file_ref idref="fl-11"/>
      </object_component>
      <object_component id="oc-14">
         <name>.text:decompress:lzss:__TI_decompress_lzss</name>
         <load_address>0x75c</load_address>
         <run_address>0x75c</run_address>
         <size>0x68</size>
         <input_file_ref idref="fl-cb"/>
      </object_component>
      <object_component id="oc-cd">
         <name>.text:Interrupt_enableInterrupt</name>
         <load_address>0x7c4</load_address>
         <run_address>0x7c4</run_address>
         <size>0x64</size>
         <input_file_ref idref="fl-f"/>
      </object_component>
      <object_component id="oc-b5">
         <name>.text:GPIO_setAsPeripheralModuleFunctionInputPin</name>
         <load_address>0x828</load_address>
         <run_address>0x828</run_address>
         <size>0x48</size>
         <input_file_ref idref="fl-e"/>
      </object_component>
      <object_component id="oc-13c">
         <name>.text:__TI_auto_init_nobinit_nopinit:__TI_auto_init_nobinit_nopinit</name>
         <load_address>0x870</load_address>
         <run_address>0x870</run_address>
         <size>0x44</size>
         <input_file_ref idref="fl-d2"/>
      </object_component>
      <object_component id="oc-52">
         <name>.text:_c_int00_noargs:_c_int00_noargs</name>
         <load_address>0x8b4</load_address>
         <run_address>0x8b4</run_address>
         <size>0x38</size>
         <input_file_ref idref="fl-cc"/>
      </object_component>
      <object_component id="oc-d3">
         <name>.text:UART_getEnabledInterruptStatus</name>
         <load_address>0x8ec</load_address>
         <run_address>0x8ec</run_address>
         <size>0x30</size>
         <input_file_ref idref="fl-11"/>
      </object_component>
      <object_component id="oc-120">
         <name>.text:CS_setDCOCenteredFrequency</name>
         <load_address>0x91c</load_address>
         <run_address>0x91c</run_address>
         <size>0x24</size>
         <input_file_ref idref="fl-d"/>
      </object_component>
      <object_component id="oc-df">
         <name>.text:UART_receiveData</name>
         <load_address>0x940</load_address>
         <run_address>0x940</run_address>
         <size>0x24</size>
         <input_file_ref idref="fl-11"/>
      </object_component>
      <object_component id="oc-e5">
         <name>.text:UART_transmitData</name>
         <load_address>0x964</load_address>
         <run_address>0x964</run_address>
         <size>0x24</size>
         <input_file_ref idref="fl-11"/>
      </object_component>
      <object_component id="oc-11a">
         <name>.text:WDT_A_holdTimer</name>
         <load_address>0x988</load_address>
         <run_address>0x988</run_address>
         <size>0x18</size>
         <input_file_ref idref="fl-12"/>
      </object_component>
      <object_component id="oc-c7">
         <name>.text:UART_enableInterrupt</name>
         <load_address>0x9a0</load_address>
         <run_address>0x9a0</run_address>
         <size>0x16</size>
         <input_file_ref idref="fl-11"/>
      </object_component>
      <object_component id="oc-40">
         <name>.text:decompress:ZI:__TI_zero_init_nomemset:__TI_zero_init_nomemset</name>
         <load_address>0x9b6</load_address>
         <run_address>0x9b6</run_address>
         <size>0x12</size>
         <input_file_ref idref="fl-c9"/>
      </object_component>
      <object_component id="oc-126">
         <name>.text:Interrupt_enableMaster</name>
         <load_address>0x9c8</load_address>
         <run_address>0x9c8</run_address>
         <size>0x10</size>
         <input_file_ref idref="fl-f"/>
      </object_component>
      <object_component id="oc-d9">
         <name>.text:UART_clearInterruptFlag</name>
         <load_address>0x9d8</load_address>
         <run_address>0x9d8</run_address>
         <size>0xe</size>
         <input_file_ref idref="fl-11"/>
      </object_component>
      <object_component id="oc-1a">
         <name>.text:decompress:none:__TI_decompress_none</name>
         <load_address>0x9e6</load_address>
         <run_address>0x9e6</run_address>
         <size>0xe</size>
         <input_file_ref idref="fl-ca"/>
      </object_component>
      <object_component id="oc-64">
         <name>.text</name>
         <load_address>0x9f4</load_address>
         <run_address>0x9f4</run_address>
         <size>0xe</size>
         <input_file_ref idref="fl-5"/>
      </object_component>
      <object_component id="oc-1b4">
         <name>.text:CPU_cpsie</name>
         <load_address>0xa02</load_address>
         <run_address>0xa02</run_address>
         <size>0xc</size>
         <input_file_ref idref="fl-13"/>
      </object_component>
      <object_component id="oc-c1">
         <name>.text:UART_enableModule</name>
         <load_address>0xa0e</load_address>
         <run_address>0xa0e</run_address>
         <size>0xc</size>
         <input_file_ref idref="fl-11"/>
      </object_component>
      <object_component id="oc-185">
         <name>.text:UART_getInterruptStatus</name>
         <load_address>0xa1a</load_address>
         <run_address>0xa1a</run_address>
         <size>0x6</size>
         <input_file_ref idref="fl-11"/>
      </object_component>
      <object_component id="oc-96">
         <name>.text:_system_pre_init</name>
         <load_address>0xa20</load_address>
         <run_address>0xa20</run_address>
         <size>0x4</size>
         <input_file_ref idref="fl-d3"/>
      </object_component>
      <object_component id="oc-130">
         <name>.text:abort:abort</name>
         <load_address>0xa24</load_address>
         <run_address>0xa24</run_address>
         <size>0x4</size>
         <input_file_ref idref="fl-cd"/>
      </object_component>
      <object_component id="oc-180">
         <name>.const</name>
         <load_address>0xa28</load_address>
         <run_address>0xa28</run_address>
         <size>0x40</size>
         <input_file_ref idref="fl-f"/>
      </object_component>
      <object_component id="oc-fc">
         <name>.const:bleUARTConfig</name>
         <load_address>0xa68</load_address>
         <run_address>0xa68</run_address>
         <size>0x24</size>
         <input_file_ref idref="fl-2"/>
      </object_component>
      <object_component id="oc-eb">
         <name>.const:usbUARTConfig</name>
         <load_address>0xa8c</load_address>
         <run_address>0xa8c</run_address>
         <size>0x24</size>
         <input_file_ref idref="fl-3"/>
      </object_component>
      <object_component id="oc-25b">
         <name>.cinit..data.load</name>
         <load_address>0xab0</load_address>
         <run_address>0xab0</run_address>
         <size>0x30</size>
      </object_component>
      <object_component id="oc-259">
         <name>__TI_handler_table</name>
         <load_address>0xae0</load_address>
         <run_address>0xae0</run_address>
         <size>0xc</size>
      </object_component>
      <object_component id="oc-25c">
         <name>.cinit..bss.load</name>
         <load_address>0xaf0</load_address>
         <run_address>0xaf0</run_address>
         <size>0x8</size>
      </object_component>
      <object_component id="oc-25a">
         <name>__TI_cinit_table</name>
         <load_address>0xaf8</load_address>
         <run_address>0xaf8</run_address>
         <size>0x10</size>
      </object_component>
      <object_component id="oc-22e">
         <name>.binit</name>
         <load_address>0x0</load_address>
         <run_address>0x0</run_address>
         <size>0x0</size>
      </object_component>
      <object_component id="oc-12c">
         <name>.data</name>
         <load_address>0x200000bc</load_address>
         <run_address>0x200000bc</run_address>
         <size>0x1</size>
         <input_file_ref idref="fl-4"/>
      </object_component>
      <object_component id="oc-16e">
         <name>.data</name>
         <load_address>0x200000b8</load_address>
         <run_address>0x200000b8</run_address>
         <size>0x4</size>
         <input_file_ref idref="fl-6"/>
      </object_component>
      <object_component id="oc-172">
         <name>.data:GPIO_PORT_TO_BASE</name>
         <load_address>0x20000088</load_address>
         <run_address>0x20000088</run_address>
         <size>0x30</size>
         <input_file_ref idref="fl-e"/>
      </object_component>
      <object_component id="oc-12d">
         <name>.bss:buffer$1</name>
         <uninitialized>true</uninitialized>
         <run_address>0x20000000</run_address>
         <size>0x80</size>
         <input_file_ref idref="fl-4"/>
      </object_component>
      <object_component id="oc-ff">
         <name>.common:_bleCallbackFxn</name>
         <uninitialized>true</uninitialized>
         <run_address>0x20000080</run_address>
         <size>0x4</size>
      </object_component>
      <object_component id="oc-ee">
         <name>.common:_usbCallbackFxn</name>
         <uninitialized>true</uninitialized>
         <run_address>0x20000084</run_address>
         <size>0x4</size>
      </object_component>
      <object_component id="oc-26">
         <name>.stack</name>
         <uninitialized>true</uninitialized>
         <run_address>0x2000fe00</run_address>
         <size>0x4</size>
         <input_file_ref idref="fl-cc"/>
      </object_component>
      <object_component id="oc-25d">
         <name>.stack</name>
         <uninitialized>true</uninitialized>
         <run_address>0x2000fe00</run_address>
         <size>0x0</size>
      </object_component>
      <object_component id="oc-100">
         <name>.debug_info</name>
         <load_address>0x0</load_address>
         <run_address>0x0</run_address>
         <size>0x81c</size>
         <input_file_ref idref="fl-2"/>
      </object_component>
      <object_component id="oc-fd">
         <name>.debug_info</name>
         <load_address>0x81c</load_address>
         <run_address>0x81c</run_address>
         <size>0x105</size>
         <input_file_ref idref="fl-2"/>
      </object_component>
      <object_component id="oc-71">
         <name>.debug_info</name>
         <load_address>0x921</load_address>
         <run_address>0x921</run_address>
         <size>0x445</size>
         <input_file_ref idref="fl-2"/>
      </object_component>
      <object_component id="oc-105">
         <name>.debug_info</name>
         <load_address>0xd66</load_address>
         <run_address>0xd66</run_address>
         <size>0x26b</size>
         <input_file_ref idref="fl-2"/>
      </object_component>
      <object_component id="oc-198">
         <name>.debug_info</name>
         <load_address>0xfd1</load_address>
         <run_address>0xfd1</run_address>
         <size>0x1055</size>
         <input_file_ref idref="fl-2"/>
      </object_component>
      <object_component id="oc-193">
         <name>.debug_info</name>
         <load_address>0x2026</load_address>
         <run_address>0x2026</run_address>
         <size>0x37e2</size>
         <input_file_ref idref="fl-2"/>
      </object_component>
      <object_component id="oc-f7">
         <name>.debug_info</name>
         <load_address>0x5808</load_address>
         <run_address>0x5808</run_address>
         <size>0x8b</size>
         <input_file_ref idref="fl-2"/>
      </object_component>
      <object_component id="oc-1a7">
         <name>.debug_info</name>
         <load_address>0x5893</load_address>
         <run_address>0x5893</run_address>
         <size>0x297</size>
         <input_file_ref idref="fl-2"/>
      </object_component>
      <object_component id="oc-1a2">
         <name>.debug_info</name>
         <load_address>0x5b2a</load_address>
         <run_address>0x5b2a</run_address>
         <size>0xef</size>
         <input_file_ref idref="fl-2"/>
      </object_component>
      <object_component id="oc-f2">
         <name>.debug_info</name>
         <load_address>0x5c19</load_address>
         <run_address>0x5c19</run_address>
         <size>0xbb</size>
         <input_file_ref idref="fl-2"/>
      </object_component>
      <object_component id="oc-19d">
         <name>.debug_info</name>
         <load_address>0x5cd4</load_address>
         <run_address>0x5cd4</run_address>
         <size>0xee</size>
         <input_file_ref idref="fl-2"/>
      </object_component>
      <object_component id="oc-ef">
         <name>.debug_info</name>
         <load_address>0x5dc2</load_address>
         <run_address>0x5dc2</run_address>
         <size>0x81c</size>
         <input_file_ref idref="fl-3"/>
      </object_component>
      <object_component id="oc-ec">
         <name>.debug_info</name>
         <load_address>0x65de</load_address>
         <run_address>0x65de</run_address>
         <size>0x105</size>
         <input_file_ref idref="fl-3"/>
      </object_component>
      <object_component id="oc-6b">
         <name>.debug_info</name>
         <load_address>0x66e3</load_address>
         <run_address>0x66e3</run_address>
         <size>0x445</size>
         <input_file_ref idref="fl-3"/>
      </object_component>
      <object_component id="oc-12f">
         <name>.debug_info</name>
         <load_address>0x6b28</load_address>
         <run_address>0x6b28</run_address>
         <size>0x6c5</size>
         <input_file_ref idref="fl-4"/>
      </object_component>
      <object_component id="oc-9f">
         <name>.debug_info</name>
         <load_address>0x71ed</load_address>
         <run_address>0x71ed</run_address>
         <size>0x4b6</size>
         <input_file_ref idref="fl-4"/>
      </object_component>
      <object_component id="oc-111">
         <name>.debug_info</name>
         <load_address>0x76a3</load_address>
         <run_address>0x76a3</run_address>
         <size>0x2c</size>
         <input_file_ref idref="fl-4"/>
      </object_component>
      <object_component id="oc-78">
         <name>.debug_info</name>
         <load_address>0x76cf</load_address>
         <run_address>0x76cf</run_address>
         <size>0x2e5</size>
         <input_file_ref idref="fl-5"/>
      </object_component>
      <object_component id="oc-24">
         <name>.debug_info</name>
         <load_address>0x79b4</load_address>
         <run_address>0x79b4</run_address>
         <size>0x111</size>
         <input_file_ref idref="fl-5"/>
      </object_component>
      <object_component id="oc-65">
         <name>.debug_info</name>
         <load_address>0x7ac5</load_address>
         <run_address>0x7ac5</run_address>
         <size>0x1e8</size>
         <input_file_ref idref="fl-5"/>
      </object_component>
      <object_component id="oc-2f">
         <name>.debug_info</name>
         <load_address>0x7cad</load_address>
         <run_address>0x7cad</run_address>
         <size>0x84</size>
         <input_file_ref idref="fl-5"/>
      </object_component>
      <object_component id="oc-16f">
         <name>.debug_info</name>
         <load_address>0x7d31</load_address>
         <run_address>0x7d31</run_address>
         <size>0x10a</size>
         <input_file_ref idref="fl-6"/>
      </object_component>
      <object_component id="oc-af">
         <name>.debug_info</name>
         <load_address>0x7e3b</load_address>
         <run_address>0x7e3b</run_address>
         <size>0x28c</size>
         <input_file_ref idref="fl-6"/>
      </object_component>
      <object_component id="oc-1b2">
         <name>.debug_info</name>
         <load_address>0x80c7</load_address>
         <run_address>0x80c7</run_address>
         <size>0x5ef</size>
         <input_file_ref idref="fl-d"/>
      </object_component>
      <object_component id="oc-121">
         <name>.debug_info</name>
         <load_address>0x86b6</load_address>
         <run_address>0x86b6</run_address>
         <size>0x132</size>
         <input_file_ref idref="fl-d"/>
      </object_component>
      <object_component id="oc-1f6">
         <name>.debug_info</name>
         <load_address>0x87e8</load_address>
         <run_address>0x87e8</run_address>
         <size>0x1b5</size>
         <input_file_ref idref="fl-d"/>
      </object_component>
      <object_component id="oc-1e3">
         <name>.debug_info</name>
         <load_address>0x899d</load_address>
         <run_address>0x899d</run_address>
         <size>0x103e</size>
         <input_file_ref idref="fl-d"/>
      </object_component>
      <object_component id="oc-176">
         <name>.debug_info</name>
         <load_address>0x99db</load_address>
         <run_address>0x99db</run_address>
         <size>0x18b</size>
         <input_file_ref idref="fl-d"/>
      </object_component>
      <object_component id="oc-17b">
         <name>.debug_info</name>
         <load_address>0x9b66</load_address>
         <run_address>0x9b66</run_address>
         <size>0x4a4</size>
         <input_file_ref idref="fl-e"/>
      </object_component>
      <object_component id="oc-173">
         <name>.debug_info</name>
         <load_address>0xa00a</load_address>
         <run_address>0xa00a</run_address>
         <size>0xd0</size>
         <input_file_ref idref="fl-e"/>
      </object_component>
      <object_component id="oc-b8">
         <name>.debug_info</name>
         <load_address>0xa0da</load_address>
         <run_address>0xa0da</run_address>
         <size>0x1db</size>
         <input_file_ref idref="fl-e"/>
      </object_component>
      <object_component id="oc-184">
         <name>.debug_info</name>
         <load_address>0xa2b5</load_address>
         <run_address>0xa2b5</run_address>
         <size>0x432</size>
         <input_file_ref idref="fl-f"/>
      </object_component>
      <object_component id="oc-181">
         <name>.debug_info</name>
         <load_address>0xa6e7</load_address>
         <run_address>0xa6e7</run_address>
         <size>0x173</size>
         <input_file_ref idref="fl-f"/>
      </object_component>
      <object_component id="oc-128">
         <name>.debug_info</name>
         <load_address>0xa85a</load_address>
         <run_address>0xa85a</run_address>
         <size>0x122</size>
         <input_file_ref idref="fl-f"/>
      </object_component>
      <object_component id="oc-cf">
         <name>.debug_info</name>
         <load_address>0xa97c</load_address>
         <run_address>0xa97c</run_address>
         <size>0x16b</size>
         <input_file_ref idref="fl-f"/>
      </object_component>
      <object_component id="oc-17d">
         <name>.debug_info</name>
         <load_address>0xaae7</load_address>
         <run_address>0xaae7</run_address>
         <size>0x498</size>
         <input_file_ref idref="fl-11"/>
      </object_component>
      <object_component id="oc-e8">
         <name>.debug_info</name>
         <load_address>0xaf7f</load_address>
         <run_address>0xaf7f</run_address>
         <size>0x181</size>
         <input_file_ref idref="fl-11"/>
      </object_component>
      <object_component id="oc-e2">
         <name>.debug_info</name>
         <load_address>0xb100</load_address>
         <run_address>0xb100</run_address>
         <size>0x141</size>
         <input_file_ref idref="fl-11"/>
      </object_component>
      <object_component id="oc-bd">
         <name>.debug_info</name>
         <load_address>0xb241</load_address>
         <run_address>0xb241</run_address>
         <size>0x169</size>
         <input_file_ref idref="fl-11"/>
      </object_component>
      <object_component id="oc-187">
         <name>.debug_info</name>
         <load_address>0xb3aa</load_address>
         <run_address>0xb3aa</run_address>
         <size>0x174</size>
         <input_file_ref idref="fl-11"/>
      </object_component>
      <object_component id="oc-d5">
         <name>.debug_info</name>
         <load_address>0xb51e</load_address>
         <run_address>0xb51e</run_address>
         <size>0x1d3</size>
         <input_file_ref idref="fl-11"/>
      </object_component>
      <object_component id="oc-c4">
         <name>.debug_info</name>
         <load_address>0xb6f1</load_address>
         <run_address>0xb6f1</run_address>
         <size>0x13f</size>
         <input_file_ref idref="fl-11"/>
      </object_component>
      <object_component id="oc-ca">
         <name>.debug_info</name>
         <load_address>0xb830</load_address>
         <run_address>0xb830</run_address>
         <size>0x168</size>
         <input_file_ref idref="fl-11"/>
      </object_component>
      <object_component id="oc-dc">
         <name>.debug_info</name>
         <load_address>0xb998</load_address>
         <run_address>0xb998</run_address>
         <size>0x170</size>
         <input_file_ref idref="fl-11"/>
      </object_component>
      <object_component id="oc-1ea">
         <name>.debug_info</name>
         <load_address>0xbb08</load_address>
         <run_address>0xbb08</run_address>
         <size>0xee</size>
         <input_file_ref idref="fl-11"/>
      </object_component>
      <object_component id="oc-11d">
         <name>.debug_info</name>
         <load_address>0xbbf6</load_address>
         <run_address>0xbbf6</run_address>
         <size>0x115</size>
         <input_file_ref idref="fl-12"/>
      </object_component>
      <object_component id="oc-1b6">
         <name>.debug_info</name>
         <load_address>0xbd0b</load_address>
         <run_address>0xbd0b</run_address>
         <size>0xe7</size>
         <input_file_ref idref="fl-13"/>
      </object_component>
      <object_component id="oc-8f">
         <name>.debug_info</name>
         <load_address>0xbdf2</load_address>
         <run_address>0xbdf2</run_address>
         <size>0x313</size>
         <input_file_ref idref="fl-c9"/>
      </object_component>
      <object_component id="oc-41">
         <name>.debug_info</name>
         <load_address>0xc105</load_address>
         <run_address>0xc105</run_address>
         <size>0x1b4</size>
         <input_file_ref idref="fl-c9"/>
      </object_component>
      <object_component id="oc-8a">
         <name>.debug_info</name>
         <load_address>0xc2b9</load_address>
         <run_address>0xc2b9</run_address>
         <size>0x46</size>
         <input_file_ref idref="fl-c9"/>
      </object_component>
      <object_component id="oc-3f">
         <name>.debug_info</name>
         <load_address>0xc2ff</load_address>
         <run_address>0xc2ff</run_address>
         <size>0x29d</size>
         <input_file_ref idref="fl-ca"/>
      </object_component>
      <object_component id="oc-1b">
         <name>.debug_info</name>
         <load_address>0xc59c</load_address>
         <run_address>0xc59c</run_address>
         <size>0x1df</size>
         <input_file_ref idref="fl-ca"/>
      </object_component>
      <object_component id="oc-3a">
         <name>.debug_info</name>
         <load_address>0xc77b</load_address>
         <run_address>0xc77b</run_address>
         <size>0x46</size>
         <input_file_ref idref="fl-ca"/>
      </object_component>
      <object_component id="oc-82">
         <name>.debug_info</name>
         <load_address>0xc7c1</load_address>
         <run_address>0xc7c1</run_address>
         <size>0x2c</size>
         <input_file_ref idref="fl-ca"/>
      </object_component>
      <object_component id="oc-80">
         <name>.debug_info</name>
         <load_address>0xc7ed</load_address>
         <run_address>0xc7ed</run_address>
         <size>0x293</size>
         <input_file_ref idref="fl-cb"/>
      </object_component>
      <object_component id="oc-17">
         <name>.debug_info</name>
         <load_address>0xca80</load_address>
         <run_address>0xca80</run_address>
         <size>0x245</size>
         <input_file_ref idref="fl-cb"/>
      </object_component>
      <object_component id="oc-2a">
         <name>.debug_info</name>
         <load_address>0xccc5</load_address>
         <run_address>0xccc5</run_address>
         <size>0x60</size>
         <input_file_ref idref="fl-cb"/>
      </object_component>
      <object_component id="oc-10a">
         <name>.debug_info</name>
         <load_address>0xcd25</load_address>
         <run_address>0xcd25</run_address>
         <size>0x46</size>
         <input_file_ref idref="fl-cb"/>
      </object_component>
      <object_component id="oc-7b">
         <name>.debug_info</name>
         <load_address>0xcd6b</load_address>
         <run_address>0xcd6b</run_address>
         <size>0x39</size>
         <input_file_ref idref="fl-cb"/>
      </object_component>
      <object_component id="oc-27">
         <name>.debug_info</name>
         <load_address>0xcda4</load_address>
         <run_address>0xcda4</run_address>
         <size>0x100</size>
         <input_file_ref idref="fl-cc"/>
      </object_component>
      <object_component id="oc-54">
         <name>.debug_info</name>
         <load_address>0xcea4</load_address>
         <run_address>0xcea4</run_address>
         <size>0x1a4</size>
         <input_file_ref idref="fl-cc"/>
      </object_component>
      <object_component id="oc-133">
         <name>.debug_info</name>
         <load_address>0xd048</load_address>
         <run_address>0xd048</run_address>
         <size>0x117</size>
         <input_file_ref idref="fl-cd"/>
      </object_component>
      <object_component id="oc-35">
         <name>.debug_info</name>
         <load_address>0xd15f</load_address>
         <run_address>0xd15f</run_address>
         <size>0x111</size>
         <input_file_ref idref="fl-d0"/>
      </object_component>
      <object_component id="oc-1c8">
         <name>.debug_info</name>
         <load_address>0xd270</load_address>
         <run_address>0xd270</run_address>
         <size>0x547</size>
         <input_file_ref idref="fl-d2"/>
      </object_component>
      <object_component id="oc-13d">
         <name>.debug_info</name>
         <load_address>0xd7b7</load_address>
         <run_address>0xd7b7</run_address>
         <size>0x19b</size>
         <input_file_ref idref="fl-d2"/>
      </object_component>
      <object_component id="oc-20c">
         <name>.debug_info</name>
         <load_address>0xd952</load_address>
         <run_address>0xd952</run_address>
         <size>0x39</size>
         <input_file_ref idref="fl-d2"/>
      </object_component>
      <object_component id="oc-220">
         <name>.debug_info</name>
         <load_address>0xd98b</load_address>
         <run_address>0xd98b</run_address>
         <size>0x39</size>
         <input_file_ref idref="fl-d2"/>
      </object_component>
      <object_component id="oc-211">
         <name>.debug_info</name>
         <load_address>0xd9c4</load_address>
         <run_address>0xd9c4</run_address>
         <size>0x39</size>
         <input_file_ref idref="fl-d2"/>
      </object_component>
      <object_component id="oc-216">
         <name>.debug_info</name>
         <load_address>0xd9fd</load_address>
         <run_address>0xd9fd</run_address>
         <size>0xcd</size>
         <input_file_ref idref="fl-d2"/>
      </object_component>
      <object_component id="oc-97">
         <name>.debug_info</name>
         <load_address>0xdaca</load_address>
         <run_address>0xdaca</run_address>
         <size>0x148</size>
         <input_file_ref idref="fl-d3"/>
      </object_component>
      <object_component id="oc-25e">
         <name>.debug_info</name>
         <load_address>0xdc12</load_address>
         <run_address>0xdc12</run_address>
         <size>0xbc</size>
      </object_component>
      <object_component id="oc-1af">
         <name>.debug_line</name>
         <load_address>0x0</load_address>
         <run_address>0x0</run_address>
         <size>0xe8</size>
         <input_file_ref idref="fl-2"/>
      </object_component>
      <object_component id="oc-1ad">
         <name>.debug_line</name>
         <load_address>0xe8</load_address>
         <run_address>0xe8</run_address>
         <size>0x3e</size>
         <input_file_ref idref="fl-2"/>
      </object_component>
      <object_component id="oc-74">
         <name>.debug_line</name>
         <load_address>0x126</load_address>
         <run_address>0x126</run_address>
         <size>0xa8</size>
         <input_file_ref idref="fl-2"/>
      </object_component>
      <object_component id="oc-108">
         <name>.debug_line</name>
         <load_address>0x1ce</load_address>
         <run_address>0x1ce</run_address>
         <size>0x6a</size>
         <input_file_ref idref="fl-2"/>
      </object_component>
      <object_component id="oc-19b">
         <name>.debug_line</name>
         <load_address>0x238</load_address>
         <run_address>0x238</run_address>
         <size>0x56</size>
         <input_file_ref idref="fl-2"/>
      </object_component>
      <object_component id="oc-196">
         <name>.debug_line</name>
         <load_address>0x28e</load_address>
         <run_address>0x28e</run_address>
         <size>0x53</size>
         <input_file_ref idref="fl-2"/>
      </object_component>
      <object_component id="oc-fa">
         <name>.debug_line</name>
         <load_address>0x2e1</load_address>
         <run_address>0x2e1</run_address>
         <size>0x20</size>
         <input_file_ref idref="fl-2"/>
      </object_component>
      <object_component id="oc-1aa">
         <name>.debug_line</name>
         <load_address>0x301</load_address>
         <run_address>0x301</run_address>
         <size>0x6e</size>
         <input_file_ref idref="fl-2"/>
      </object_component>
      <object_component id="oc-1a5">
         <name>.debug_line</name>
         <load_address>0x36f</load_address>
         <run_address>0x36f</run_address>
         <size>0x6a</size>
         <input_file_ref idref="fl-2"/>
      </object_component>
      <object_component id="oc-f5">
         <name>.debug_line</name>
         <load_address>0x3d9</load_address>
         <run_address>0x3d9</run_address>
         <size>0x6b</size>
         <input_file_ref idref="fl-2"/>
      </object_component>
      <object_component id="oc-1a0">
         <name>.debug_line</name>
         <load_address>0x444</load_address>
         <run_address>0x444</run_address>
         <size>0x57</size>
         <input_file_ref idref="fl-2"/>
      </object_component>
      <object_component id="oc-192">
         <name>.debug_line</name>
         <load_address>0x49b</load_address>
         <run_address>0x49b</run_address>
         <size>0xe8</size>
         <input_file_ref idref="fl-3"/>
      </object_component>
      <object_component id="oc-190">
         <name>.debug_line</name>
         <load_address>0x583</load_address>
         <run_address>0x583</run_address>
         <size>0x3e</size>
         <input_file_ref idref="fl-3"/>
      </object_component>
      <object_component id="oc-6e">
         <name>.debug_line</name>
         <load_address>0x5c1</load_address>
         <run_address>0x5c1</run_address>
         <size>0xa8</size>
         <input_file_ref idref="fl-3"/>
      </object_component>
      <object_component id="oc-1bc">
         <name>.debug_line</name>
         <load_address>0x669</load_address>
         <run_address>0x669</run_address>
         <size>0x105</size>
         <input_file_ref idref="fl-4"/>
      </object_component>
      <object_component id="oc-9d">
         <name>.debug_line</name>
         <load_address>0x76e</load_address>
         <run_address>0x76e</run_address>
         <size>0xd6</size>
         <input_file_ref idref="fl-4"/>
      </object_component>
      <object_component id="oc-114">
         <name>.debug_line</name>
         <load_address>0x844</load_address>
         <run_address>0x844</run_address>
         <size>0x66</size>
         <input_file_ref idref="fl-4"/>
      </object_component>
      <object_component id="oc-104">
         <name>.debug_line</name>
         <load_address>0x8aa</load_address>
         <run_address>0x8aa</run_address>
         <size>0x44</size>
         <input_file_ref idref="fl-5"/>
      </object_component>
      <object_component id="oc-77">
         <name>.debug_line</name>
         <load_address>0x8ee</load_address>
         <run_address>0x8ee</run_address>
         <size>0x44</size>
         <input_file_ref idref="fl-5"/>
      </object_component>
      <object_component id="oc-68">
         <name>.debug_line</name>
         <load_address>0x932</load_address>
         <run_address>0x932</run_address>
         <size>0x75</size>
         <input_file_ref idref="fl-5"/>
      </object_component>
      <object_component id="oc-32">
         <name>.debug_line</name>
         <load_address>0x9a7</load_address>
         <run_address>0x9a7</run_address>
         <size>0x20</size>
         <input_file_ref idref="fl-5"/>
      </object_component>
      <object_component id="oc-1de">
         <name>.debug_line</name>
         <load_address>0x9c7</load_address>
         <run_address>0x9c7</run_address>
         <size>0x3f</size>
         <input_file_ref idref="fl-6"/>
      </object_component>
      <object_component id="oc-b3">
         <name>.debug_line</name>
         <load_address>0xa06</load_address>
         <run_address>0xa06</run_address>
         <size>0x15d</size>
         <input_file_ref idref="fl-6"/>
      </object_component>
      <object_component id="oc-1f5">
         <name>.debug_line</name>
         <load_address>0xb63</load_address>
         <run_address>0xb63</run_address>
         <size>0x47</size>
         <input_file_ref idref="fl-d"/>
      </object_component>
      <object_component id="oc-125">
         <name>.debug_line</name>
         <load_address>0xbaa</load_address>
         <run_address>0xbaa</run_address>
         <size>0x41</size>
         <input_file_ref idref="fl-d"/>
      </object_component>
      <object_component id="oc-1f9">
         <name>.debug_line</name>
         <load_address>0xbeb</load_address>
         <run_address>0xbeb</run_address>
         <size>0x2e</size>
         <input_file_ref idref="fl-d"/>
      </object_component>
      <object_component id="oc-1e6">
         <name>.debug_line</name>
         <load_address>0xc19</load_address>
         <run_address>0xc19</run_address>
         <size>0x5e</size>
         <input_file_ref idref="fl-d"/>
      </object_component>
      <object_component id="oc-179">
         <name>.debug_line</name>
         <load_address>0xc77</load_address>
         <run_address>0xc77</run_address>
         <size>0x69</size>
         <input_file_ref idref="fl-d"/>
      </object_component>
      <object_component id="oc-1e2">
         <name>.debug_line</name>
         <load_address>0xce0</load_address>
         <run_address>0xce0</run_address>
         <size>0x31</size>
         <input_file_ref idref="fl-e"/>
      </object_component>
      <object_component id="oc-1e0">
         <name>.debug_line</name>
         <load_address>0xd11</load_address>
         <run_address>0xd11</run_address>
         <size>0x2a</size>
         <input_file_ref idref="fl-e"/>
      </object_component>
      <object_component id="oc-ba">
         <name>.debug_line</name>
         <load_address>0xd3b</load_address>
         <run_address>0xd3b</run_address>
         <size>0x4e</size>
         <input_file_ref idref="fl-e"/>
      </object_component>
      <object_component id="oc-1f2">
         <name>.debug_line</name>
         <load_address>0xd89</load_address>
         <run_address>0xd89</run_address>
         <size>0x2b</size>
         <input_file_ref idref="fl-f"/>
      </object_component>
      <object_component id="oc-1f0">
         <name>.debug_line</name>
         <load_address>0xdb4</load_address>
         <run_address>0xdb4</run_address>
         <size>0x2f</size>
         <input_file_ref idref="fl-f"/>
      </object_component>
      <object_component id="oc-12a">
         <name>.debug_line</name>
         <load_address>0xde3</load_address>
         <run_address>0xde3</run_address>
         <size>0x44</size>
         <input_file_ref idref="fl-f"/>
      </object_component>
      <object_component id="oc-d1">
         <name>.debug_line</name>
         <load_address>0xe27</load_address>
         <run_address>0xe27</run_address>
         <size>0x6d</size>
         <input_file_ref idref="fl-f"/>
      </object_component>
      <object_component id="oc-1e9">
         <name>.debug_line</name>
         <load_address>0xe94</load_address>
         <run_address>0xe94</run_address>
         <size>0x31</size>
         <input_file_ref idref="fl-11"/>
      </object_component>
      <object_component id="oc-e7">
         <name>.debug_line</name>
         <load_address>0xec5</load_address>
         <run_address>0xec5</run_address>
         <size>0x45</size>
         <input_file_ref idref="fl-11"/>
      </object_component>
      <object_component id="oc-e1">
         <name>.debug_line</name>
         <load_address>0xf0a</load_address>
         <run_address>0xf0a</run_address>
         <size>0x45</size>
         <input_file_ref idref="fl-11"/>
      </object_component>
      <object_component id="oc-c0">
         <name>.debug_line</name>
         <load_address>0xf4f</load_address>
         <run_address>0xf4f</run_address>
         <size>0x75</size>
         <input_file_ref idref="fl-11"/>
      </object_component>
      <object_component id="oc-18a">
         <name>.debug_line</name>
         <load_address>0xfc4</load_address>
         <run_address>0xfc4</run_address>
         <size>0x3f</size>
         <input_file_ref idref="fl-11"/>
      </object_component>
      <object_component id="oc-d8">
         <name>.debug_line</name>
         <load_address>0x1003</load_address>
         <run_address>0x1003</run_address>
         <size>0x5b</size>
         <input_file_ref idref="fl-11"/>
      </object_component>
      <object_component id="oc-c3">
         <name>.debug_line</name>
         <load_address>0x105e</load_address>
         <run_address>0x105e</run_address>
         <size>0x3f</size>
         <input_file_ref idref="fl-11"/>
      </object_component>
      <object_component id="oc-c9">
         <name>.debug_line</name>
         <load_address>0x109d</load_address>
         <run_address>0x109d</run_address>
         <size>0x40</size>
         <input_file_ref idref="fl-11"/>
      </object_component>
      <object_component id="oc-db">
         <name>.debug_line</name>
         <load_address>0x10dd</load_address>
         <run_address>0x10dd</run_address>
         <size>0x3f</size>
         <input_file_ref idref="fl-11"/>
      </object_component>
      <object_component id="oc-1ed">
         <name>.debug_line</name>
         <load_address>0x111c</load_address>
         <run_address>0x111c</run_address>
         <size>0x2c</size>
         <input_file_ref idref="fl-11"/>
      </object_component>
      <object_component id="oc-11f">
         <name>.debug_line</name>
         <load_address>0x1148</load_address>
         <run_address>0x1148</run_address>
         <size>0x42</size>
         <input_file_ref idref="fl-12"/>
      </object_component>
      <object_component id="oc-1b5">
         <name>.debug_line</name>
         <load_address>0x118a</load_address>
         <run_address>0x118a</run_address>
         <size>0x3e</size>
         <input_file_ref idref="fl-13"/>
      </object_component>
      <object_component id="oc-117">
         <name>.debug_line</name>
         <load_address>0x11c8</load_address>
         <run_address>0x11c8</run_address>
         <size>0x9e</size>
         <input_file_ref idref="fl-c9"/>
      </object_component>
      <object_component id="oc-44">
         <name>.debug_line</name>
         <load_address>0x1266</load_address>
         <run_address>0x1266</run_address>
         <size>0x4f</size>
         <input_file_ref idref="fl-c9"/>
      </object_component>
      <object_component id="oc-8d">
         <name>.debug_line</name>
         <load_address>0x12b5</load_address>
         <run_address>0x12b5</run_address>
         <size>0x34</size>
         <input_file_ref idref="fl-c9"/>
      </object_component>
      <object_component id="oc-88">
         <name>.debug_line</name>
         <load_address>0x12e9</load_address>
         <run_address>0x12e9</run_address>
         <size>0x20</size>
         <input_file_ref idref="fl-ca"/>
      </object_component>
      <object_component id="oc-1e">
         <name>.debug_line</name>
         <load_address>0x1309</load_address>
         <run_address>0x1309</run_address>
         <size>0x55</size>
         <input_file_ref idref="fl-ca"/>
      </object_component>
      <object_component id="oc-3d">
         <name>.debug_line</name>
         <load_address>0x135e</load_address>
         <run_address>0x135e</run_address>
         <size>0x3a</size>
         <input_file_ref idref="fl-ca"/>
      </object_component>
      <object_component id="oc-85">
         <name>.debug_line</name>
         <load_address>0x1398</load_address>
         <run_address>0x1398</run_address>
         <size>0x8a</size>
         <input_file_ref idref="fl-ca"/>
      </object_component>
      <object_component id="oc-110">
         <name>.debug_line</name>
         <load_address>0x1422</load_address>
         <run_address>0x1422</run_address>
         <size>0x20</size>
         <input_file_ref idref="fl-cb"/>
      </object_component>
      <object_component id="oc-15">
         <name>.debug_line</name>
         <load_address>0x1442</load_address>
         <run_address>0x1442</run_address>
         <size>0xa9</size>
         <input_file_ref idref="fl-cb"/>
      </object_component>
      <object_component id="oc-2d">
         <name>.debug_line</name>
         <load_address>0x14eb</load_address>
         <run_address>0x14eb</run_address>
         <size>0x3a</size>
         <input_file_ref idref="fl-cb"/>
      </object_component>
      <object_component id="oc-10d">
         <name>.debug_line</name>
         <load_address>0x1525</load_address>
         <run_address>0x1525</run_address>
         <size>0x92</size>
         <input_file_ref idref="fl-cb"/>
      </object_component>
      <object_component id="oc-7e">
         <name>.debug_line</name>
         <load_address>0x15b7</load_address>
         <run_address>0x15b7</run_address>
         <size>0x8e</size>
         <input_file_ref idref="fl-cb"/>
      </object_component>
      <object_component id="oc-7a">
         <name>.debug_line</name>
         <load_address>0x1645</load_address>
         <run_address>0x1645</run_address>
         <size>0x33</size>
         <input_file_ref idref="fl-cc"/>
      </object_component>
      <object_component id="oc-56">
         <name>.debug_line</name>
         <load_address>0x1678</load_address>
         <run_address>0x1678</run_address>
         <size>0x56</size>
         <input_file_ref idref="fl-cc"/>
      </object_component>
      <object_component id="oc-131">
         <name>.debug_line</name>
         <load_address>0x16ce</load_address>
         <run_address>0x16ce</run_address>
         <size>0x3c</size>
         <input_file_ref idref="fl-cd"/>
      </object_component>
      <object_component id="oc-38">
         <name>.debug_line</name>
         <load_address>0x170a</load_address>
         <run_address>0x170a</run_address>
         <size>0x88</size>
         <input_file_ref idref="fl-d0"/>
      </object_component>
      <object_component id="oc-20b">
         <name>.debug_line</name>
         <load_address>0x1792</load_address>
         <run_address>0x1792</run_address>
         <size>0xb7</size>
         <input_file_ref idref="fl-d2"/>
      </object_component>
      <object_component id="oc-140">
         <name>.debug_line</name>
         <load_address>0x1849</load_address>
         <run_address>0x1849</run_address>
         <size>0x6c</size>
         <input_file_ref idref="fl-d2"/>
      </object_component>
      <object_component id="oc-20f">
         <name>.debug_line</name>
         <load_address>0x18b5</load_address>
         <run_address>0x18b5</run_address>
         <size>0x2e</size>
         <input_file_ref idref="fl-d2"/>
      </object_component>
      <object_component id="oc-223">
         <name>.debug_line</name>
         <load_address>0x18e3</load_address>
         <run_address>0x18e3</run_address>
         <size>0x92</size>
         <input_file_ref idref="fl-d2"/>
      </object_component>
      <object_component id="oc-214">
         <name>.debug_line</name>
         <load_address>0x1975</load_address>
         <run_address>0x1975</run_address>
         <size>0x8f</size>
         <input_file_ref idref="fl-d2"/>
      </object_component>
      <object_component id="oc-219">
         <name>.debug_line</name>
         <load_address>0x1a04</load_address>
         <run_address>0x1a04</run_address>
         <size>0x8b</size>
         <input_file_ref idref="fl-d2"/>
      </object_component>
      <object_component id="oc-9b">
         <name>.debug_line</name>
         <load_address>0x1a8f</load_address>
         <run_address>0x1a8f</run_address>
         <size>0x40</size>
         <input_file_ref idref="fl-d3"/>
      </object_component>
      <object_component id="oc-75">
         <name>.debug_frame</name>
         <load_address>0x0</load_address>
         <run_address>0x0</run_address>
         <size>0x90</size>
         <input_file_ref idref="fl-2"/>
      </object_component>
      <object_component id="oc-6f">
         <name>.debug_frame</name>
         <load_address>0x90</load_address>
         <run_address>0x90</run_address>
         <size>0x90</size>
         <input_file_ref idref="fl-3"/>
      </object_component>
      <object_component id="oc-9e">
         <name>.debug_frame</name>
         <load_address>0x120</load_address>
         <run_address>0x120</run_address>
         <size>0xbc</size>
         <input_file_ref idref="fl-4"/>
      </object_component>
      <object_component id="oc-69">
         <name>.debug_frame</name>
         <load_address>0x1dc</load_address>
         <run_address>0x1dc</run_address>
         <size>0x6c</size>
         <input_file_ref idref="fl-5"/>
      </object_component>
      <object_component id="oc-b2">
         <name>.debug_frame</name>
         <load_address>0x248</load_address>
         <run_address>0x248</run_address>
         <size>0x70</size>
         <input_file_ref idref="fl-6"/>
      </object_component>
      <object_component id="oc-124">
         <name>.debug_frame</name>
         <load_address>0x51c</load_address>
         <run_address>0x51c</run_address>
         <size>0x7f</size>
         <input_file_ref idref="fl-d"/>
      </object_component>
      <object_component id="oc-b6">
         <name>.debug_frame</name>
         <load_address>0x59b</load_address>
         <run_address>0x59b</run_address>
         <size>0x86</size>
         <input_file_ref idref="fl-e"/>
      </object_component>
      <object_component id="oc-12b">
         <name>.debug_frame</name>
         <load_address>0x621</load_address>
         <run_address>0x621</run_address>
         <size>0x86</size>
         <input_file_ref idref="fl-f"/>
      </object_component>
      <object_component id="oc-d2">
         <name>.debug_frame</name>
         <load_address>0x6a7</load_address>
         <run_address>0x6a7</run_address>
         <size>0x83</size>
         <input_file_ref idref="fl-f"/>
      </object_component>
      <object_component id="oc-e6">
         <name>.debug_frame</name>
         <load_address>0x72a</load_address>
         <run_address>0x72a</run_address>
         <size>0x86</size>
         <input_file_ref idref="fl-11"/>
      </object_component>
      <object_component id="oc-e0">
         <name>.debug_frame</name>
         <load_address>0x7b0</load_address>
         <run_address>0x7b0</run_address>
         <size>0x86</size>
         <input_file_ref idref="fl-11"/>
      </object_component>
      <object_component id="oc-bc">
         <name>.debug_frame</name>
         <load_address>0x836</load_address>
         <run_address>0x836</run_address>
         <size>0x8f</size>
         <input_file_ref idref="fl-11"/>
      </object_component>
      <object_component id="oc-186">
         <name>.debug_frame</name>
         <load_address>0x8c5</load_address>
         <run_address>0x8c5</run_address>
         <size>0x7f</size>
         <input_file_ref idref="fl-11"/>
      </object_component>
      <object_component id="oc-d4">
         <name>.debug_frame</name>
         <load_address>0x944</load_address>
         <run_address>0x944</run_address>
         <size>0x86</size>
         <input_file_ref idref="fl-11"/>
      </object_component>
      <object_component id="oc-c2">
         <name>.debug_frame</name>
         <load_address>0x9ca</load_address>
         <run_address>0x9ca</run_address>
         <size>0x7f</size>
         <input_file_ref idref="fl-11"/>
      </object_component>
      <object_component id="oc-c8">
         <name>.debug_frame</name>
         <load_address>0xa49</load_address>
         <run_address>0xa49</run_address>
         <size>0x7f</size>
         <input_file_ref idref="fl-11"/>
      </object_component>
      <object_component id="oc-da">
         <name>.debug_frame</name>
         <load_address>0xac8</load_address>
         <run_address>0xac8</run_address>
         <size>0x7f</size>
         <input_file_ref idref="fl-11"/>
      </object_component>
      <object_component id="oc-11b">
         <name>.debug_frame</name>
         <load_address>0xb47</load_address>
         <run_address>0xb47</run_address>
         <size>0x7f</size>
         <input_file_ref idref="fl-12"/>
      </object_component>
      <object_component id="oc-1b9">
         <name>.debug_frame</name>
         <load_address>0xbc6</load_address>
         <run_address>0xbc6</run_address>
         <size>0x7f</size>
         <input_file_ref idref="fl-13"/>
      </object_component>
      <object_component id="oc-45">
         <name>.debug_frame</name>
         <load_address>0x2b8</load_address>
         <run_address>0x2b8</run_address>
         <size>0x54</size>
         <input_file_ref idref="fl-c9"/>
      </object_component>
      <object_component id="oc-1f">
         <name>.debug_frame</name>
         <load_address>0x30c</load_address>
         <run_address>0x30c</run_address>
         <size>0x54</size>
         <input_file_ref idref="fl-ca"/>
      </object_component>
      <object_component id="oc-19">
         <name>.debug_frame</name>
         <load_address>0x360</load_address>
         <run_address>0x360</run_address>
         <size>0x60</size>
         <input_file_ref idref="fl-cb"/>
      </object_component>
      <object_component id="oc-57">
         <name>.debug_frame</name>
         <load_address>0x3c0</load_address>
         <run_address>0x3c0</run_address>
         <size>0x58</size>
         <input_file_ref idref="fl-cc"/>
      </object_component>
      <object_component id="oc-132">
         <name>.debug_frame</name>
         <load_address>0x418</load_address>
         <run_address>0x418</run_address>
         <size>0x54</size>
         <input_file_ref idref="fl-cd"/>
      </object_component>
      <object_component id="oc-141">
         <name>.debug_frame</name>
         <load_address>0x46c</load_address>
         <run_address>0x46c</run_address>
         <size>0x5c</size>
         <input_file_ref idref="fl-d2"/>
      </object_component>
      <object_component id="oc-9a">
         <name>.debug_frame</name>
         <load_address>0x4c8</load_address>
         <run_address>0x4c8</run_address>
         <size>0x54</size>
         <input_file_ref idref="fl-d3"/>
      </object_component>
      <object_component id="oc-1ae">
         <name>.debug_abbrev</name>
         <load_address>0x0</load_address>
         <run_address>0x0</run_address>
         <size>0x103</size>
         <input_file_ref idref="fl-2"/>
      </object_component>
      <object_component id="oc-1ac">
         <name>.debug_abbrev</name>
         <load_address>0x103</load_address>
         <run_address>0x103</run_address>
         <size>0x29</size>
         <input_file_ref idref="fl-2"/>
      </object_component>
      <object_component id="oc-102">
         <name>.debug_abbrev</name>
         <load_address>0x12c</load_address>
         <run_address>0x12c</run_address>
         <size>0x94</size>
         <input_file_ref idref="fl-2"/>
      </object_component>
      <object_component id="oc-107">
         <name>.debug_abbrev</name>
         <load_address>0x1c0</load_address>
         <run_address>0x1c0</run_address>
         <size>0x69</size>
         <input_file_ref idref="fl-2"/>
      </object_component>
      <object_component id="oc-19a">
         <name>.debug_abbrev</name>
         <load_address>0x229</load_address>
         <run_address>0x229</run_address>
         <size>0x97</size>
         <input_file_ref idref="fl-2"/>
      </object_component>
      <object_component id="oc-195">
         <name>.debug_abbrev</name>
         <load_address>0x2c0</load_address>
         <run_address>0x2c0</run_address>
         <size>0xbd</size>
         <input_file_ref idref="fl-2"/>
      </object_component>
      <object_component id="oc-f9">
         <name>.debug_abbrev</name>
         <load_address>0x37d</load_address>
         <run_address>0x37d</run_address>
         <size>0x1f</size>
         <input_file_ref idref="fl-2"/>
      </object_component>
      <object_component id="oc-1a9">
         <name>.debug_abbrev</name>
         <load_address>0x39c</load_address>
         <run_address>0x39c</run_address>
         <size>0x5c</size>
         <input_file_ref idref="fl-2"/>
      </object_component>
      <object_component id="oc-1a4">
         <name>.debug_abbrev</name>
         <load_address>0x3f8</load_address>
         <run_address>0x3f8</run_address>
         <size>0x24</size>
         <input_file_ref idref="fl-2"/>
      </object_component>
      <object_component id="oc-f4">
         <name>.debug_abbrev</name>
         <load_address>0x41c</load_address>
         <run_address>0x41c</run_address>
         <size>0x24</size>
         <input_file_ref idref="fl-2"/>
      </object_component>
      <object_component id="oc-19f">
         <name>.debug_abbrev</name>
         <load_address>0x440</load_address>
         <run_address>0x440</run_address>
         <size>0x4b</size>
         <input_file_ref idref="fl-2"/>
      </object_component>
      <object_component id="oc-191">
         <name>.debug_abbrev</name>
         <load_address>0x48b</load_address>
         <run_address>0x48b</run_address>
         <size>0x103</size>
         <input_file_ref idref="fl-3"/>
      </object_component>
      <object_component id="oc-18f">
         <name>.debug_abbrev</name>
         <load_address>0x58e</load_address>
         <run_address>0x58e</run_address>
         <size>0x29</size>
         <input_file_ref idref="fl-3"/>
      </object_component>
      <object_component id="oc-f1">
         <name>.debug_abbrev</name>
         <load_address>0x5b7</load_address>
         <run_address>0x5b7</run_address>
         <size>0x94</size>
         <input_file_ref idref="fl-3"/>
      </object_component>
      <object_component id="oc-1bb">
         <name>.debug_abbrev</name>
         <load_address>0x64b</load_address>
         <run_address>0x64b</run_address>
         <size>0xe7</size>
         <input_file_ref idref="fl-4"/>
      </object_component>
      <object_component id="oc-12e">
         <name>.debug_abbrev</name>
         <load_address>0x732</load_address>
         <run_address>0x732</run_address>
         <size>0x7a</size>
         <input_file_ref idref="fl-4"/>
      </object_component>
      <object_component id="oc-113">
         <name>.debug_abbrev</name>
         <load_address>0x7ac</load_address>
         <run_address>0x7ac</run_address>
         <size>0x24</size>
         <input_file_ref idref="fl-4"/>
      </object_component>
      <object_component id="oc-103">
         <name>.debug_abbrev</name>
         <load_address>0x7d0</load_address>
         <run_address>0x7d0</run_address>
         <size>0x7c</size>
         <input_file_ref idref="fl-5"/>
      </object_component>
      <object_component id="oc-76">
         <name>.debug_abbrev</name>
         <load_address>0x84c</load_address>
         <run_address>0x84c</run_address>
         <size>0x29</size>
         <input_file_ref idref="fl-5"/>
      </object_component>
      <object_component id="oc-b4">
         <name>.debug_abbrev</name>
         <load_address>0x875</load_address>
         <run_address>0x875</run_address>
         <size>0x89</size>
         <input_file_ref idref="fl-5"/>
      </object_component>
      <object_component id="oc-31">
         <name>.debug_abbrev</name>
         <load_address>0x8fe</load_address>
         <run_address>0x8fe</run_address>
         <size>0x1f</size>
         <input_file_ref idref="fl-5"/>
      </object_component>
      <object_component id="oc-1dd">
         <name>.debug_abbrev</name>
         <load_address>0x91d</load_address>
         <run_address>0x91d</run_address>
         <size>0x29</size>
         <input_file_ref idref="fl-6"/>
      </object_component>
      <object_component id="oc-171">
         <name>.debug_abbrev</name>
         <load_address>0x946</load_address>
         <run_address>0x946</run_address>
         <size>0x8b</size>
         <input_file_ref idref="fl-6"/>
      </object_component>
      <object_component id="oc-1f4">
         <name>.debug_abbrev</name>
         <load_address>0x9d1</load_address>
         <run_address>0x9d1</run_address>
         <size>0xe1</size>
         <input_file_ref idref="fl-d"/>
      </object_component>
      <object_component id="oc-1b1">
         <name>.debug_abbrev</name>
         <load_address>0xab2</load_address>
         <run_address>0xab2</run_address>
         <size>0x6c</size>
         <input_file_ref idref="fl-d"/>
      </object_component>
      <object_component id="oc-1f8">
         <name>.debug_abbrev</name>
         <load_address>0xb1e</load_address>
         <run_address>0xb1e</run_address>
         <size>0x49</size>
         <input_file_ref idref="fl-d"/>
      </object_component>
      <object_component id="oc-1e5">
         <name>.debug_abbrev</name>
         <load_address>0xb67</load_address>
         <run_address>0xb67</run_address>
         <size>0x97</size>
         <input_file_ref idref="fl-d"/>
      </object_component>
      <object_component id="oc-178">
         <name>.debug_abbrev</name>
         <load_address>0xbfe</load_address>
         <run_address>0xbfe</run_address>
         <size>0x35</size>
         <input_file_ref idref="fl-d"/>
      </object_component>
      <object_component id="oc-1e1">
         <name>.debug_abbrev</name>
         <load_address>0xc33</load_address>
         <run_address>0xc33</run_address>
         <size>0xb0</size>
         <input_file_ref idref="fl-e"/>
      </object_component>
      <object_component id="oc-1df">
         <name>.debug_abbrev</name>
         <load_address>0xce3</load_address>
         <run_address>0xce3</run_address>
         <size>0x27</size>
         <input_file_ref idref="fl-e"/>
      </object_component>
      <object_component id="oc-175">
         <name>.debug_abbrev</name>
         <load_address>0xd0a</load_address>
         <run_address>0xd0a</run_address>
         <size>0x6c</size>
         <input_file_ref idref="fl-e"/>
      </object_component>
      <object_component id="oc-1f1">
         <name>.debug_abbrev</name>
         <load_address>0xd76</load_address>
         <run_address>0xd76</run_address>
         <size>0xb0</size>
         <input_file_ref idref="fl-f"/>
      </object_component>
      <object_component id="oc-1ef">
         <name>.debug_abbrev</name>
         <load_address>0xe26</load_address>
         <run_address>0xe26</run_address>
         <size>0x27</size>
         <input_file_ref idref="fl-f"/>
      </object_component>
      <object_component id="oc-1ba">
         <name>.debug_abbrev</name>
         <load_address>0xe4d</load_address>
         <run_address>0xe4d</run_address>
         <size>0x60</size>
         <input_file_ref idref="fl-f"/>
      </object_component>
      <object_component id="oc-183">
         <name>.debug_abbrev</name>
         <load_address>0xead</load_address>
         <run_address>0xead</run_address>
         <size>0x6c</size>
         <input_file_ref idref="fl-f"/>
      </object_component>
      <object_component id="oc-1e8">
         <name>.debug_abbrev</name>
         <load_address>0xf19</load_address>
         <run_address>0xf19</run_address>
         <size>0xb7</size>
         <input_file_ref idref="fl-11"/>
      </object_component>
      <object_component id="oc-18e">
         <name>.debug_abbrev</name>
         <load_address>0xfd0</load_address>
         <run_address>0xfd0</run_address>
         <size>0x6c</size>
         <input_file_ref idref="fl-11"/>
      </object_component>
      <object_component id="oc-18d">
         <name>.debug_abbrev</name>
         <load_address>0x103c</load_address>
         <run_address>0x103c</run_address>
         <size>0x6e</size>
         <input_file_ref idref="fl-11"/>
      </object_component>
      <object_component id="oc-17c">
         <name>.debug_abbrev</name>
         <load_address>0x10aa</load_address>
         <run_address>0x10aa</run_address>
         <size>0x6e</size>
         <input_file_ref idref="fl-11"/>
      </object_component>
      <object_component id="oc-1f3">
         <name>.debug_abbrev</name>
         <load_address>0x1118</load_address>
         <run_address>0x1118</run_address>
         <size>0x6e</size>
         <input_file_ref idref="fl-11"/>
      </object_component>
      <object_component id="oc-18b">
         <name>.debug_abbrev</name>
         <load_address>0x1186</load_address>
         <run_address>0x1186</run_address>
         <size>0x7c</size>
         <input_file_ref idref="fl-11"/>
      </object_component>
      <object_component id="oc-17e">
         <name>.debug_abbrev</name>
         <load_address>0x1202</load_address>
         <run_address>0x1202</run_address>
         <size>0x6c</size>
         <input_file_ref idref="fl-11"/>
      </object_component>
      <object_component id="oc-17f">
         <name>.debug_abbrev</name>
         <load_address>0x126e</load_address>
         <run_address>0x126e</run_address>
         <size>0x6c</size>
         <input_file_ref idref="fl-11"/>
      </object_component>
      <object_component id="oc-18c">
         <name>.debug_abbrev</name>
         <load_address>0x12da</load_address>
         <run_address>0x12da</run_address>
         <size>0x6c</size>
         <input_file_ref idref="fl-11"/>
      </object_component>
      <object_component id="oc-1ec">
         <name>.debug_abbrev</name>
         <load_address>0x1346</load_address>
         <run_address>0x1346</run_address>
         <size>0x4b</size>
         <input_file_ref idref="fl-11"/>
      </object_component>
      <object_component id="oc-1b0">
         <name>.debug_abbrev</name>
         <load_address>0x1391</load_address>
         <run_address>0x1391</run_address>
         <size>0x5e</size>
         <input_file_ref idref="fl-12"/>
      </object_component>
      <object_component id="oc-1fb">
         <name>.debug_abbrev</name>
         <load_address>0x13ef</load_address>
         <run_address>0x13ef</run_address>
         <size>0x52</size>
         <input_file_ref idref="fl-13"/>
      </object_component>
      <object_component id="oc-116">
         <name>.debug_abbrev</name>
         <load_address>0x1441</load_address>
         <run_address>0x1441</run_address>
         <size>0x73</size>
         <input_file_ref idref="fl-c9"/>
      </object_component>
      <object_component id="oc-89">
         <name>.debug_abbrev</name>
         <load_address>0x14b4</load_address>
         <run_address>0x14b4</run_address>
         <size>0x6f</size>
         <input_file_ref idref="fl-c9"/>
      </object_component>
      <object_component id="oc-8c">
         <name>.debug_abbrev</name>
         <load_address>0x1523</load_address>
         <run_address>0x1523</run_address>
         <size>0x24</size>
         <input_file_ref idref="fl-c9"/>
      </object_component>
      <object_component id="oc-87">
         <name>.debug_abbrev</name>
         <load_address>0x1547</load_address>
         <run_address>0x1547</run_address>
         <size>0x37</size>
         <input_file_ref idref="fl-ca"/>
      </object_component>
      <object_component id="oc-39">
         <name>.debug_abbrev</name>
         <load_address>0x157e</load_address>
         <run_address>0x157e</run_address>
         <size>0x74</size>
         <input_file_ref idref="fl-ca"/>
      </object_component>
      <object_component id="oc-3c">
         <name>.debug_abbrev</name>
         <load_address>0x15f2</load_address>
         <run_address>0x15f2</run_address>
         <size>0x24</size>
         <input_file_ref idref="fl-ca"/>
      </object_component>
      <object_component id="oc-84">
         <name>.debug_abbrev</name>
         <load_address>0x1616</load_address>
         <run_address>0x1616</run_address>
         <size>0x24</size>
         <input_file_ref idref="fl-ca"/>
      </object_component>
      <object_component id="oc-10f">
         <name>.debug_abbrev</name>
         <load_address>0x163a</load_address>
         <run_address>0x163a</run_address>
         <size>0x37</size>
         <input_file_ref idref="fl-cb"/>
      </object_component>
      <object_component id="oc-29">
         <name>.debug_abbrev</name>
         <load_address>0x1671</load_address>
         <run_address>0x1671</run_address>
         <size>0x6f</size>
         <input_file_ref idref="fl-cb"/>
      </object_component>
      <object_component id="oc-2c">
         <name>.debug_abbrev</name>
         <load_address>0x16e0</load_address>
         <run_address>0x16e0</run_address>
         <size>0x24</size>
         <input_file_ref idref="fl-cb"/>
      </object_component>
      <object_component id="oc-10c">
         <name>.debug_abbrev</name>
         <load_address>0x1704</load_address>
         <run_address>0x1704</run_address>
         <size>0x35</size>
         <input_file_ref idref="fl-cb"/>
      </object_component>
      <object_component id="oc-7d">
         <name>.debug_abbrev</name>
         <load_address>0x1739</load_address>
         <run_address>0x1739</run_address>
         <size>0x24</size>
         <input_file_ref idref="fl-cb"/>
      </object_component>
      <object_component id="oc-79">
         <name>.debug_abbrev</name>
         <load_address>0x175d</load_address>
         <run_address>0x175d</run_address>
         <size>0x29</size>
         <input_file_ref idref="fl-cc"/>
      </object_component>
      <object_component id="oc-a5">
         <name>.debug_abbrev</name>
         <load_address>0x1786</load_address>
         <run_address>0x1786</run_address>
         <size>0x61</size>
         <input_file_ref idref="fl-cc"/>
      </object_component>
      <object_component id="oc-1bd">
         <name>.debug_abbrev</name>
         <load_address>0x17e7</load_address>
         <run_address>0x17e7</run_address>
         <size>0x45</size>
         <input_file_ref idref="fl-cd"/>
      </object_component>
      <object_component id="oc-81">
         <name>.debug_abbrev</name>
         <load_address>0x182c</load_address>
         <run_address>0x182c</run_address>
         <size>0x3e</size>
         <input_file_ref idref="fl-d0"/>
      </object_component>
      <object_component id="oc-20a">
         <name>.debug_abbrev</name>
         <load_address>0x186a</load_address>
         <run_address>0x186a</run_address>
         <size>0xdb</size>
         <input_file_ref idref="fl-d2"/>
      </object_component>
      <object_component id="oc-1c7">
         <name>.debug_abbrev</name>
         <load_address>0x1945</load_address>
         <run_address>0x1945</run_address>
         <size>0x7e</size>
         <input_file_ref idref="fl-d2"/>
      </object_component>
      <object_component id="oc-20e">
         <name>.debug_abbrev</name>
         <load_address>0x19c3</load_address>
         <run_address>0x19c3</run_address>
         <size>0x24</size>
         <input_file_ref idref="fl-d2"/>
      </object_component>
      <object_component id="oc-222">
         <name>.debug_abbrev</name>
         <load_address>0x19e7</load_address>
         <run_address>0x19e7</run_address>
         <size>0x24</size>
         <input_file_ref idref="fl-d2"/>
      </object_component>
      <object_component id="oc-213">
         <name>.debug_abbrev</name>
         <load_address>0x1a0b</load_address>
         <run_address>0x1a0b</run_address>
         <size>0x24</size>
         <input_file_ref idref="fl-d2"/>
      </object_component>
      <object_component id="oc-218">
         <name>.debug_abbrev</name>
         <load_address>0x1a2f</load_address>
         <run_address>0x1a2f</run_address>
         <size>0x4b</size>
         <input_file_ref idref="fl-d2"/>
      </object_component>
      <object_component id="oc-119">
         <name>.debug_abbrev</name>
         <load_address>0x1a7a</load_address>
         <run_address>0x1a7a</run_address>
         <size>0x55</size>
         <input_file_ref idref="fl-d3"/>
      </object_component>
      <object_component id="oc-25f">
         <name>.debug_abbrev</name>
         <load_address>0x1acf</load_address>
         <run_address>0x1acf</run_address>
         <size>0xf</size>
      </object_component>
      <object_component id="oc-109">
         <name>.debug_str</name>
         <load_address>0x0</load_address>
         <run_address>0x0</run_address>
         <size>0x2c5</size>
         <input_file_ref idref="fl-2"/>
      </object_component>
      <object_component id="oc-19c">
         <name>.debug_str</name>
         <load_address>0x2c5</load_address>
         <run_address>0x2c5</run_address>
         <size>0x49a</size>
         <input_file_ref idref="fl-2"/>
      </object_component>
      <object_component id="oc-197">
         <name>.debug_str</name>
         <load_address>0x75f</load_address>
         <run_address>0x75f</run_address>
         <size>0x15de</size>
         <input_file_ref idref="fl-2"/>
      </object_component>
      <object_component id="oc-fb">
         <name>.debug_str</name>
         <load_address>0x1d3d</load_address>
         <run_address>0x1d3d</run_address>
         <size>0xfa</size>
         <input_file_ref idref="fl-2"/>
      </object_component>
      <object_component id="oc-1ab">
         <name>.debug_str</name>
         <load_address>0x1e37</load_address>
         <run_address>0x1e37</run_address>
         <size>0x354</size>
         <input_file_ref idref="fl-2"/>
      </object_component>
      <object_component id="oc-1a6">
         <name>.debug_str</name>
         <load_address>0x218b</load_address>
         <run_address>0x218b</run_address>
         <size>0x1d0</size>
         <input_file_ref idref="fl-2"/>
      </object_component>
      <object_component id="oc-f6">
         <name>.debug_str</name>
         <load_address>0x235b</load_address>
         <run_address>0x235b</run_address>
         <size>0x15d</size>
         <input_file_ref idref="fl-2"/>
      </object_component>
      <object_component id="oc-1a1">
         <name>.debug_str</name>
         <load_address>0x24b8</load_address>
         <run_address>0x24b8</run_address>
         <size>0x182</size>
         <input_file_ref idref="fl-2"/>
      </object_component>
      <object_component id="oc-115">
         <name>.debug_str</name>
         <load_address>0x263a</load_address>
         <run_address>0x263a</run_address>
         <size>0xf7</size>
         <input_file_ref idref="fl-4"/>
      </object_component>
      <object_component id="oc-33">
         <name>.debug_str</name>
         <load_address>0x2731</load_address>
         <run_address>0x2731</run_address>
         <size>0xfa</size>
         <input_file_ref idref="fl-5"/>
      </object_component>
      <object_component id="oc-1fa">
         <name>.debug_str</name>
         <load_address>0x282b</load_address>
         <run_address>0x282b</run_address>
         <size>0x23a</size>
         <input_file_ref idref="fl-d"/>
      </object_component>
[...]
         <attributes>RX</attributes>
         <usage_details>
            <allocated_space>
               <start_address>0x0</start_address>
               <size>0x0</size>
               <logical_group_ref idref="lg-9"/>
            </allocated_space>
            <allocated_space>
               <start_address>0x0</start_address>
               <size>0xe4</size>
               <logical_group_ref idref="lg-3"/>
            </allocated_space>
            <allocated_space>
               <start_address>0xe4</start_address>
               <size>0x944</size>
               <logical_group_ref idref="lg-4"/>
            </allocated_space>
            <allocated_space>
               <start_address>0xa28</start_address>
               <size>0x88</size>
               <logical_group_ref idref="lg-5"/>
            </allocated_space>
            <allocated_space>
               <start_address>0xab0</start_address>
               <size>0x58</size>
               <logical_group_ref idref="lg-6"/>
            </allocated_space>
            <available_space>
               <start_address>0xb08</start_address>
               <size>0x3f4f8</size>
            </available_space>
         </usage_details>
      </memory_area>
      <memory_area display="yes" color="green">
         <name>INFO</name>
         <page_id>0x0</page_id>
         <origin>0x200000</origin>
         <length>0x4000</length>
         <used_space>0x0</used_space>
         <unused_space>0x4000</unused_space>
         <attributes>RX</attributes>
         <usage_details>
         </usage_details>
      </memory_area>
      <memory_area display="yes" color="green">
         <name>SRAM_CODE</name>
         <page_id>0x0</page_id>
         <origin>0x1000000</origin>
         <length>0x10000</length>
         <used_space>0x2bd</used_space>
         <unused_space>0xfd43</unused_space>
         <attributes>RWX</attributes>
         <usage_details>
            <allocated_space>
               <start_address>0x1000000</start_address>
               <size>0x88</size>
               <logical_group_ref idref="lg-f"/>
            </allocated_space>
            <allocated_space>
               <start_address>0x1000088</start_address>
               <size>0x35</size>
               <logical_group_ref idref="lg-e"/>
            </allocated_space>
            <available_space>
               <start_address>0x10000bd</start_address>
               <size>0xfd43</size>
            </available_space>
            <allocated_space>
               <start_address>0x100fe00</start_address>
               <size>0x200</size>
               <logical_group_ref idref="lg-11"/>
            </allocated_space>
         </usage_details>
      </memory_area>
      <memory_area display="yes" color="green">
         <name>SRAM_DATA</name>
         <page_id>0x0</page_id>
         <origin>0x20000000</origin>
         <length>0x10000</length>
         <used_space>0x2bd</used_space>
         <unused_space>0xfd43</unused_space>
         <attributes>RW</attributes>
         <usage_details>
            <allocated_space>
               <start_address>0x20000000</start_address>
               <size>0x88</size>
               <logical_group_ref idref="lg-f"/>
            </allocated_space>
            <allocated_space>
               <start_address>0x20000088</start_address>
               <size>0x35</size>
               <logical_group_ref idref="lg-e"/>
            </allocated_space>
            <available_space>
               <start_address>0x200000bd</start_address>
               <size>0xfd43</size>
            </available_space>
            <allocated_space>
               <start_address>0x2000fe00</start_address>
               <size>0x200</size>
               <logical_group_ref idref="lg-11"/>
            </allocated_space>
         </usage_details>
      </memory_area>
   </placement_map>
   <cptbl_list>
      <cptbl>
         <name>__TI_cinit_table</name>
         <cprec>
            <name>.data</name>
            <load_address>0xab0</load_address>
            <load_size>0x30</load_size>
            <run_address>0x20000088</run_address>
            <run_size>0x35</run_size>
            <compression>lzss</compression>
         </cprec>
         <cprec>
            <name>.bss</name>
            <load_address>0xaf0</load_address>
            <load_size>0x8</load_size>
            <run_address>0x20000000</run_address>
            <run_size>0x88</run_size>
            <compression>zero_init</compression>
         </cprec>
      </cptbl>
   </cptbl_list>
   <handler_table>
      <handler_table_name>__TI_handler_table</handler_table_name>
      <handler>
         <index>0x0</index>
         <name>__TI_decompress_lzss</name>
      </handler>
      <handler>
         <index>0x1</index>
         <name>__TI_decompress_none</name>
      </handler>
      <handler>
         <index>0x2</index>
         <name>__TI_zero_init</name>
      </handler>
   </handler_table>
   <symbol_table>
      <symbol id="sm-1">
         <name>WDTCTL_SYM</name>
         <value>0x4000480c</value>
      </symbol>
      <symbol id="sm-2">
         <name>__TI_CINIT_Base</name>
         <value>0xaf8</value>
      </symbol>
      <symbol id="sm-3">
         <name>__TI_CINIT_Limit</name>
         <value>0xb08</value>
      </symbol>
      <symbol id="sm-4">
         <name>__TI_Handler_Table_Base</name>
         <value>0xae0</value>
      </symbol>
      <symbol id="sm-5">
         <name>__TI_Handler_Table_Limit</name>
         <value>0xaec</value>
      </symbol>
      <symbol id="sm-6">
         <name>binit</name>
         <value>0xffffffff</value>
      </symbol>
      <symbol id="sm-7">
         <name>__binit__</name>
         <value>0xffffffff</value>
      </symbol>
      <symbol id="sm-8">
         <name>__STACK_SIZE</name>
         <value>0x200</value>
      </symbol>
      <symbol id="sm-9">
         <name>__STACK_END</name>
         <value>0x20010000</value>
      </symbol>
      <symbol id="sm-a">
         <name>__c_args__</name>
         <value>0xffffffff</value>
      </symbol>
      <symbol id="sm-b">
         <name>__TI_pprof_out_hndl</name>
         <value>0xffffffff</value>
      </symbol>
      <symbol id="sm-c">
         <name>__TI_prof_data_start</name>
         <value>0xffffffff</value>
      </symbol>
      <symbol id="sm-d">
         <name>__TI_prof_data_size</name>
         <value>0xffffffff</value>
      </symbol>
      <symbol id="sm-6c">
         <name>_bleCallbackFxn</name>
         <value>0x20000080</value>
      </symbol>
      <symbol id="sm-6d">
         <name>ble_sendBuffer</name>
         <value>0x547</value>
         <object_component_ref idref="oc-70"/>
      </symbol>
      <symbol id="sm-6e">
         <name>ble_intHandler</name>
         <value>0x517</value>
         <object_component_ref idref="oc-70"/>
      </symbol>
      <symbol id="sm-6f">
         <name>ble_init</name>
         <value>0x4e5</value>
         <object_component_ref idref="oc-70"/>
      </symbol>
      <symbol id="sm-70">
         <name>bleUARTConfig</name>
         <value>0xa68</value>
         <object_component_ref idref="oc-fc"/>
      </symbol>
      <symbol id="sm-8d">
         <name>_usbCallbackFxn</name>
         <value>0x20000084</value>
      </symbol>
      <symbol id="sm-8e">
         <name>usb_sendBuffer</name>
         <value>0x5eb</value>
         <object_component_ref idref="oc-6a"/>
      </symbol>
      <symbol id="sm-8f">
         <name>usb_init</name>
         <value>0x589</value>
         <object_component_ref idref="oc-6a"/>
      </symbol>
      <symbol id="sm-90">
         <name>usb_intHandler</name>
         <value>0x5bb</value>
         <object_component_ref idref="oc-6a"/>
      </symbol>
      <symbol id="sm-91">
         <name>usbUARTConfig</name>
         <value>0xa8c</value>
         <object_component_ref idref="oc-eb"/>
      </symbol>
      <symbol id="sm-b8">
         <name>usbCallbackFxn</name>
         <value>0x43d</value>
         <object_component_ref idref="oc-9c"/>
      </symbol>
      <symbol id="sm-b9">
         <name>main</name>
         <value>0x419</value>
         <object_component_ref idref="oc-9c"/>
      </symbol>
      <symbol id="sm-ba">
         <name>newLineAndReturn</name>
         <value>0x4af</value>
         <object_component_ref idref="oc-9c"/>
      </symbol>
      <symbol id="sm-bb">
         <name>bleCallbackFxn</name>
         <value>0x4bf</value>
         <object_component_ref idref="oc-9c"/>
      </symbol>
      <symbol id="sm-bc">
         <name>processUsbCommand</name>
         <value>0x497</value>
         <object_component_ref idref="oc-9c"/>
      </symbol>
      <symbol id="sm-d6">
         <name>Reset_Handler</name>
         <value>0x9f5</value>
         <object_component_ref idref="oc-64"/>
      </symbol>
      <symbol id="sm-d7">
         <name>Default_Handler</name>
         <value>0xa01</value>
         <object_component_ref idref="oc-64"/>
      </symbol>
      <symbol id="sm-d8">
         <name>interruptVectors</name>
         <value>0x0</value>
         <object_component_ref idref="oc-23"/>
      </symbol>
      <symbol id="sm-120">
         <name>SystemInit</name>
         <value>0x35d</value>
         <object_component_ref idref="oc-ae"/>
      </symbol>
      <symbol id="sm-121">
         <name>SystemCoreClockUpdate</name>
         <value>0xe5</value>
         <object_component_ref idref="oc-ae"/>
      </symbol>
      <symbol id="sm-122">
         <name>SystemCoreClock</name>
         <value>0x200000b8</value>
         <object_component_ref idref="oc-16e"/>
      </symbol>
      <symbol id="sm-142">
         <name>CS_setDCOCenteredFrequency</name>
         <value>0x91d</value>
         <object_component_ref idref="oc-120"/>
      </symbol>
      <symbol id="sm-15d">
         <name>GPIO_setAsPeripheralModuleFunctionInputPin</name>
         <value>0x829</value>
         <object_component_ref idref="oc-b5"/>
      </symbol>
      <symbol id="sm-18d">
         <name>Interrupt_enableMaster</name>
         <value>0x9c9</value>
         <object_component_ref idref="oc-126"/>
      </symbol>
      <symbol id="sm-18e">
         <name>Interrupt_enableInterrupt</name>
         <value>0x7c5</value>
         <object_component_ref idref="oc-cd"/>
      </symbol>
      <symbol id="sm-1e8">
         <name>UART_enableInterrupt</name>
         <value>0x9a1</value>
         <object_component_ref idref="oc-c7"/>
      </symbol>
      <symbol id="sm-1e9">
         <name>UART_receiveData</name>
         <value>0x941</value>
         <object_component_ref idref="oc-df"/>
      </symbol>
      <symbol id="sm-1ea">
         <name>UART_enableModule</name>
         <value>0xa0f</value>
         <object_component_ref idref="oc-c1"/>
      </symbol>
      <symbol id="sm-1eb">
         <name>UART_getEnabledInterruptStatus</name>
         <value>0x8ed</value>
         <object_component_ref idref="oc-d3"/>
      </symbol>
      <symbol id="sm-1ec">
         <name>UART_transmitData</name>
         <value>0x965</value>
         <object_component_ref idref="oc-e5"/>
      </symbol>
      <symbol id="sm-1ed">
         <name>UART_getInterruptStatus</name>
         <value>0xa1b</value>
         <object_component_ref idref="oc-185"/>
      </symbol>
      <symbol id="sm-1ee">
         <name>UART_initModule</name>
         <value>0x6c9</value>
         <object_component_ref idref="oc-bb"/>
      </symbol>
      <symbol id="sm-1ef">
         <name>UART_clearInterruptFlag</name>
         <value>0x9d9</value>
         <object_component_ref idref="oc-d9"/>
      </symbol>
      <symbol id="sm-1fb">
         <name>WDT_A_holdTimer</name>
         <value>0x989</value>
         <object_component_ref idref="oc-11a"/>
      </symbol>
      <symbol id="sm-205">
         <name>CPU_cpsie</name>
         <value>0xa03</value>
         <object_component_ref idref="oc-1b4"/>
      </symbol>
      <symbol id="sm-219">
         <name>__TI_zero_init_nomemset</name>
         <value>0x9b7</value>
         <object_component_ref idref="oc-40"/>
      </symbol>
      <symbol id="sm-230">
         <name>__TI_decompress_none</name>
         <value>0x9e7</value>
         <object_component_ref idref="oc-1a"/>
      </symbol>
      <symbol id="sm-253">
         <name>__TI_decompress_lzss</name>
         <value>0x75d</value>
         <object_component_ref idref="oc-14"/>
      </symbol>
      <symbol id="sm-266">
         <name>__stack</name>
         <value>0x2000fe00</value>
         <object_component_ref idref="oc-26"/>
      </symbol>
      <symbol id="sm-267">
         <name>_c_int00_noargs</name>
         <value>0x8b5</value>
         <object_component_ref idref="oc-52"/>
      </symbol>
      <symbol id="sm-272">
         <name>C$$EXIT</name>
         <value>0xa25</value>
         <object_component_ref idref="oc-130"/>
      </symbol>
      <symbol id="sm-273">
         <name>abort</name>
         <value>0xa25</value>
         <object_component_ref idref="oc-130"/>
      </symbol>
      <symbol id="sm-290">
         <name>memcpy</name>
         <value>0x62d</value>
         <object_component_ref idref="oc-34"/>
      </symbol>
      <symbol id="sm-291">
         <name>__aeabi_memcpy</name>
         <value>0x62d</value>
         <object_component_ref idref="oc-34"/>
      </symbol>
      <symbol id="sm-292">
         <name>__aeabi_memcpy8</name>
         <value>0x62d</value>
         <object_component_ref idref="oc-34"/>
      </symbol>
      <symbol id="sm-293">
         <name>__aeabi_memcpy4</name>
         <value>0x62d</value>
         <object_component_ref idref="oc-34"/>
      </symbol>
      <symbol id="sm-2bc">
         <name>__TI_auto_init_nobinit_nopinit</name>
         <value>0x871</value>
         <object_component_ref idref="oc-13c"/>
      </symbol>
      <symbol id="sm-2c6">
         <name>_system_pre_init</name>
         <value>0xa21</value>
         <object_component_ref idref="oc-96"/>
      </symbol>
      <symbol id="sm-2c8">
         <name>__TI_static_base__</name>
         <value>0x0</value>
      </symbol>
      <symbol id="sm-2cb">
         <name>__mpu_init</name>
         <value>0x0</value>
      </symbol>
      <symbol id="sm-2cc">
         <name>_system_post_cinit</name>
         <value>0x0</value>
      </symbol>
      <symbol id="sm-2cd">
         <name>ble_intHandler</name>
         <value>0x517</value>
      </symbol>
      <symbol id="sm-2ce">
         <name>usb_intHandler</name>
         <value>0x5bb</value>
      </symbol>
      <symbol id="sm-2cf">
         <name>NMI_Handler</name>
         <value>0xa01</value>
      </symbol>
      <symbol id="sm-2d0">
         <name>HardFault_Handler</name>
         <value>0xa01</value>
      </symbol>
      <symbol id="sm-2d1">
         <name>MemManage_Handler</name>
         <value>0xa01</value>
      </symbol>
      <symbol id="sm-2d2">
         <name>BusFault_Handler</name>
         <value>0xa01</value>
      </symbol>
      <symbol id="sm-2d3">
         <name>UsageFault_Handler</name>
         <value>0xa01</value>
      </symbol>
      <symbol id="sm-2d4">
         <name>SVC_Handler</name>
         <value>0xa01</value>
      </symbol>
      <symbol id="sm-2d5">
         <name>DebugMon_Handler</name>
         <value>0xa01</value>
      </symbol>
      <symbol id="sm-2d6">
         <name>PendSV_Handler</name>
         <value>0xa01</value>
      </symbol>
      <symbol id="sm-2d7">
         <name>SysTick_Handler</name>
         <value>0xa01</value>
      </symbol>
      <symbol id="sm-2d8">
         <name>PSS_IRQHandler</name>
         <value>0xa01</value>
      </symbol>
      <symbol id="sm-2d9">
         <name>CS_IRQHandler</name>
         <value>0xa01</value>
      </symbol>
      <symbol id="sm-2da">
         <name>PCM_IRQHandler</name>
         <value>0xa01</value>
      </symbol>
      <symbol id="sm-2db">
         <name>WDT_A_IRQHandler</name>
         <value>0xa01</value>
      </symbol>
      <symbol id="sm-2dc">
         <name>FPU_IRQHandler</name>
         <value>0xa01</value>
      </symbol>
      <symbol id="sm-2dd">
         <name>FLCTL_IRQHandler</name>
         <value>0xa01</value>
      </symbol>
      <symbol id="sm-2de">
         <name>COMP_E0_IRQHandler</name>
         <value>0xa01</value>
      </symbol>
      <symbol id="sm-2df">
         <name>COMP_E1_IRQHandler</name>
         <value>0xa01</value>
      </symbol>
      <symbol id="sm-2e0">
         <name>TA0_0_IRQHandler</name>
         <value>0xa01</value>
      </symbol>
      <symbol id="sm-2e1">
         <name>TA0_N_IRQHandler</name>
         <value>0xa01</value>
      </symbol>
      <symbol id="sm-2e2">
         <name>TA1_0_IRQHandler</name>
         <value>0xa01</value>
      </symbol>
      <symbol id="sm-2e3">
         <name>TA1_N_IRQHandler</name>
         <value>0xa01</value>
      </symbol>
      <symbol id="sm-2e4">
         <name>TA2_0_IRQHandler</name>
         <value>0xa01</value>
      </symbol>
      <symbol id="sm-2e5">
         <name>TA2_N_IRQHandler</name>
         <value>0xa01</value>
      </symbol>
      <symbol id="sm-2e6">
         <name>TA3_0_IRQHandler</name>
         <value>0xa01</value>
      </symbol>
      <symbol id="sm-2e7">
         <name>TA3_N_IRQHandler</name>
         <value>0xa01</value>
      </symbol>
      <symbol id="sm-2e8">
         <name>EUSCIA1_IRQHandler</name>
         <value>0xa01</value>
      </symbol>
      <symbol id="sm-2e9">
         <name>EUSCIA3_IRQHandler</name>
         <value>0xa01</value>
      </symbol>
      <symbol id="sm-2ea">
         <name>EUSCIB0_IRQHandler</name>
         <value>0xa01</value>
      </symbol>
      <symbol id="sm-2eb">
         <name>EUSCIB1_IRQHandler</name>
         <value>0xa01</value>
      </symbol>
      <symbol id="sm-2ec">
         <name>EUSCIB2_IRQHandler</name>
         <value>0xa01</value>
      </symbol>
      <symbol id="sm-2ed">
         <name>EUSCIB3_IRQHandler</name>
         <value>0xa01</value>
      </symbol>
      <symbol id="sm-2ee">
         <name>ADC14_IRQHandler</name>
         <value>0xa01</value>
      </symbol>
      <symbol id="sm-2ef">
         <name>T32_INT2_IRQHandler</name>
         <value>0xa01</value>
      </symbol>
      <symbol id="sm-2f0">
         <name>T32_INTC_IRQHandler</name>
         <value>0xa01</value>
      </symbol>
      <symbol id="sm-2f1">
         <name>AES256_IRQHandler</name>
         <value>0xa01</value>
      </symbol>
      <symbol id="sm-2f2">
         <name>RTC_C_IRQHandler</name>
         <value>0xa01</value>
      </symbol>
      <symbol id="sm-2f3">
         <name>DMA_ERR_IRQHandler</name>
         <value>0xa01</value>
      </symbol>
      <symbol id="sm-2f4">
         <name>DMA_INT3_IRQHandler</name>
         <value>0xa01</value>
      </symbol>
      <symbol id="sm-2f5">
         <name>DMA_INT2_IRQHandler</name>
         <value>0xa01</value>
      </symbol>
      <symbol id="sm-2f6">
         <name>DMA_INT1_IRQHandler</name>
         <value>0xa01</value>
      </symbol>
      <symbol id="sm-2f7">
         <name>DMA_INT0_IRQHandler</name>
         <value>0xa01</value>
      </symbol>
      <symbol id="sm-2f8">
         <name>PORT1_IRQHandler</name>
         <value>0xa01</value>
      </symbol>
      <symbol id="sm-2f9">
         <name>PORT2_IRQHandler</name>
         <value>0xa01</value>
      </symbol>
      <symbol id="sm-2fa">
         <name>PORT3_IRQHandler</name>
         <value>0xa01</value>
      </symbol>
      <symbol id="sm-2fb">
         <name>PORT4_IRQHandler</name>
         <value>0xa01</value>
      </symbol>
      <symbol id="sm-2fc">
         <name>PORT5_IRQHandler</name>
         <value>0xa01</value>
      </symbol>
      <symbol id="sm-2fd">
         <name>PORT6_IRQHandler</name>
         <value>0xa01</value>
      </symbol>
      <symbol id="sm-2fe">
         <name>timer32IntHandler</name>
         <value>0xa01</value>
      </symbol>
   </symbol_table>
   <title>Link successful</title>
</link_info>
