******************************************************************************
                  TI ARM Linker PC v18.1.1                     
******************************************************************************
>> Linked Wed Jun 20 03:01:07 2018

OUTPUT FILE NAME:   <bluetooth-config-tool.out>
ENTRY POINT SYMBOL: "_c_int00_noargs"  address: 000008c5


MEMORY CONFIGURATION

         name            origin    length      used     unused   attr    fill
----------------------  --------  ---------  --------  --------  ----  --------
  MAIN                  00000000   00040000  00000bac  0003f454  R  X
  INFO                  00200000   00004000  00000000  00004000  R  X
  SRAM_CODE             01000000   00010000  000002b5  0000fd4b  RW X
  SRAM_DATA             20000000   00010000  000002b5  0000fd4b  RW  


SEGMENT ALLOCATION MAP

run origin  load origin   length   init length attrs members
----------  ----------- ---------- ----------- ----- -------
00000000    00000000    00000bb0   00000bb0    r-x
  00000000    00000000    000000e4   000000e4    r-- .intvecs
  000000e4    000000e4    000009e6   000009e6    r-x .text
  00000acc    00000acc    0000008a   0000008a    r-- .const
  00000b58    00000b58    00000058   00000058    r-- .cinit
20000000    20000000    000000b5   00000000    rw-
  20000000    20000000    00000080   00000000    rw- .bss
  20000080    20000080    00000035   00000000    rw- .data
2000fe00    2000fe00    00000200   00000000    rw-
  2000fe00    2000fe00    00000200   00000000    rw- .stack


SECTION ALLOCATION MAP

 output                                  attributes/
section   page    origin      length       input sections
--------  ----  ----------  ----------   ----------------
.intvecs   0    00000000    000000e4     
                  00000000    000000e4     startup_msp432p401r_ccs.obj (.intvecs:retain)

.text      0    000000e4    000009e6     
                  000000e4    00000334     system_msp432p401r.obj (.text)
                  00000418    00000148     main.obj (.text)
                  00000560    0000009c     rtsv7M4_T_le_v4SPD16_eabi.lib : memcpy_t2.asm.obj (.text)
                  000005fc    00000094     msp432p4xx_driverlib.lib : uart.o (.text:UART_initModule)
                  00000690    00000094     config.obj (.text)
                  00000724    00000068     rtsv7M4_T_le_v4SPD16_eabi.lib : copy_decompress_lzss.c.obj (.text:decompress:lzss:__TI_decompress_lzss)
                  0000078c    00000064     msp432p4xx_driverlib.lib : interrupt.o (.text:Interrupt_enableInterrupt)
                  000007f0    00000048                              : gpio.o (.text:GPIO_setAsPeripheralModuleFunctionInputPin)
                  00000838    00000048                              : timer32.o (.text:Timer32_initModule)
                  00000880    00000044     rtsv7M4_T_le_v4SPD16_eabi.lib : autoinit.c.obj (.text:__TI_auto_init_nobinit_nopinit:__TI_auto_init_nobinit_nopinit)
                  000008c4    00000038                                   : boot_cortex_m.c.obj (.text:_c_int00_noargs:_c_int00_noargs)
                  000008fc    00000030     msp432p4xx_driverlib.lib : uart.o (.text:UART_getEnabledInterruptStatus)
                  0000092c    00000024                              : cs.o (.text:CS_setDCOCenteredFrequency)
                  00000950    00000024                              : gpio.o (.text:GPIO_setAsOutputPin)
                  00000974    00000024                              : timer32.o (.text:Timer32_setCount)
                  00000998    00000024                              : uart.o (.text:UART_receiveData)
                  000009bc    00000024                              : uart.o (.text:UART_transmitData)
                  000009e0    00000020                              : timer32.o (.text:Timer32_startTimer)
                  00000a00    00000018                              : wdt_a.o (.text:WDT_A_holdTimer)
                  00000a18    00000016                              : uart.o (.text:UART_enableInterrupt)
                  00000a2e    00000002     --HOLE-- [fill = 0]
                  00000a30    00000014                              : gpio.o (.text:GPIO_toggleOutputOnPin)
                  00000a44    00000012     rtsv7M4_T_le_v4SPD16_eabi.lib : copy_zero_init.c.obj (.text:decompress:ZI:__TI_zero_init_nomemset:__TI_zero_init_nomemset)
                  00000a56    00000010     msp432p4xx_driverlib.lib : interrupt.o (.text:Interrupt_enableMaster)
                  00000a66    0000000e                              : uart.o (.text:UART_clearInterruptFlag)
                  00000a74    0000000e     rtsv7M4_T_le_v4SPD16_eabi.lib : copy_decompress_none.c.obj (.text:decompress:none:__TI_decompress_none)
                  00000a82    0000000e     startup_msp432p401r_ccs.obj (.text)
                  00000a90    0000000c     msp432p4xx_driverlib.lib : cpu.o (.text:CPU_cpsie)
                  00000a9c    0000000c                              : uart.o (.text:UART_enableModule)
                  00000aa8    0000000a                              : timer32.o (.text:Timer32_clearInterruptFlag)
                  00000ab2    0000000a                              : timer32.o (.text:Timer32_enableInterrupt)
                  00000abc    00000006                              : uart.o (.text:UART_getInterruptStatus)
                  00000ac2    00000004     rtsv7M4_T_le_v4SPD16_eabi.lib : pre_init.c.obj (.text:_system_pre_init)
                  00000ac6    00000004                                   : exit.c.obj (.text:abort:abort)

.const     0    00000acc    0000008a     
                  00000acc    00000040     msp432p4xx_driverlib.lib : interrupt.o (.const)
                  00000b0c    00000024     config.obj (.const:bleUARTConfig)
                  00000b30    00000024     config.obj (.const:debugUARTConfig)
                  00000b54    00000002     main.obj (.const:.string:$P$T0$3)

.cinit     0    00000b58    00000058     
                  00000b58    00000030     (.cinit..data.load) [load image, compression = lzss]
                  00000b88    0000000c     (__TI_handler_table)
                  00000b94    00000004     --HOLE-- [fill = 0]
                  00000b98    00000008     (.cinit..bss.load) [load image, compression = zero_init]
                  00000ba0    00000010     (__TI_cinit_table)

.init_array 
*          0    00000000    00000000     UNINITIALIZED

.binit     0    00000000    00000000     

.bss       0    20000000    00000080     UNINITIALIZED
                  20000000    00000080     main.obj (.bss:usbRxBuffer$1)

.data      0    20000080    00000035     UNINITIALIZED
                  20000080    00000030     msp432p4xx_driverlib.lib : gpio.o (.data:GPIO_PORT_TO_BASE)
                  200000b0    00000004     system_msp432p401r.obj (.data)
                  200000b4    00000001     main.obj (.data)

.stack     0    2000fe00    00000200     UNINITIALIZED
                  2000fe00    00000004     rtsv7M4_T_le_v4SPD16_eabi.lib : boot_cortex_m.c.obj (.stack)
                  2000fe04    000001fc     --HOLE--

MODULE SUMMARY

       Module                        code   ro data   rw data
       ------                        ----   -------   -------
    .\
       system_msp432p401r.obj        820    0         8      
       main.obj                      328    2         258    
       startup_msp432p401r_ccs.obj   14     228       0      
       config.obj                    148    72        0      
    +--+-----------------------------+------+---------+---------+
       Total:                        1310   302       266    
                                                             
    C:/ti8/msp432_driverlib_3_21_00_05/driverlib/ccs/msp432p4xx_driverlib.lib
       uart.o                        322    0         0      
       gpio.o                        128    0         96     
       interrupt.o                   116    64        0      
       timer32.o                     160    0         0      
       cs.o                          36     0         0      
       wdt_a.o                       24     0         0      
       cpu.o                         12     0         0      
    +--+-----------------------------+------+---------+---------+
       Total:                        798    64        96     
                                                             
    C:\ti8\ccsv8\tools\compiler\ti-cgt-arm_18.1.1.LTS\lib\rtsv7M4_T_le_v4SPD16_eabi.lib
       memcpy_t2.asm.obj             156    0         0      
       copy_decompress_lzss.c.obj    104    0         0      
       autoinit.c.obj                68     0         0      
       boot_cortex_m.c.obj           56     0         0      
       copy_zero_init.c.obj          18     0         0      
       copy_decompress_none.c.obj    14     0         0      
       exit.c.obj                    4      0         0      
       pre_init.c.obj                4      0         0      
    +--+-----------------------------+------+---------+---------+
       Total:                        424    0         0      
                                                             
       Stack:                        0      0         1024   
       Linker Generated:             0      84        0      
    +--+-----------------------------+------+---------+---------+
       Grand Total:                  2532   450       1386   


LINKER GENERATED COPY TABLES

__TI_cinit_table @ 00000ba0 records: 2, size/record: 8, table size: 16
	.data: load addr=00000b58, load size=00000030 bytes, run addr=20000080, run size=00000035 bytes, compression=lzss
	.bss: load addr=00000b98, load size=00000008 bytes, run addr=20000000, run size=00000080 bytes, compression=zero_init


LINKER GENERATED HANDLER TABLE

__TI_handler_table @ 00000b88 records: 3, size/record: 4, table size: 12
	index: 0, handler: __TI_decompress_lzss
	index: 1, handler: __TI_decompress_none
	index: 2, handler: __TI_zero_init


GLOBAL SYMBOLS: SORTED ALPHABETICALLY BY Name 

address   name                                      
-------   ----                                      
00000a8f  ADC14_IRQHandler                          
00000a8f  AES256_IRQHandler                         
00000a8f  BusFault_Handler                          
00000ac7  C$$EXIT                                   
00000a8f  COMP_E0_IRQHandler                        
00000a8f  COMP_E1_IRQHandler                        
00000a91  CPU_cpsie                                 
00000a8f  CS_IRQHandler                             
0000092d  CS_setDCOCenteredFrequency                
00000a8f  DMA_ERR_IRQHandler                        
00000a8f  DMA_INT0_IRQHandler                       
00000a8f  DMA_INT1_IRQHandler                       
00000a8f  DMA_INT2_IRQHandler                       
00000a8f  DMA_INT3_IRQHandler                       
00000a8f  DebugMon_Handler                          
00000a8f  Default_Handler                           
00000a8f  EUSCIA1_IRQHandler                        
00000a8f  EUSCIA3_IRQHandler                        
00000a8f  EUSCIB0_IRQHandler                        
00000a8f  EUSCIB1_IRQHandler                        
00000a8f  EUSCIB2_IRQHandler                        
00000a8f  EUSCIB3_IRQHandler                        
00000a8f  FLCTL_IRQHandler                          
00000a8f  FPU_IRQHandler                            
00000951  GPIO_setAsOutputPin                       
000007f1  GPIO_setAsPeripheralModuleFunctionInputPin
00000a31  GPIO_toggleOutputOnPin                    
00000a8f  HardFault_Handler                         
0000078d  Interrupt_enableInterrupt                 
00000a57  Interrupt_enableMaster                    
00000a8f  MemManage_Handler                         
00000a8f  NMI_Handler                               
00000a8f  PCM_IRQHandler                            
00000a8f  PORT1_IRQHandler                          
00000a8f  PORT2_IRQHandler                          
00000a8f  PORT3_IRQHandler                          
00000a8f  PORT4_IRQHandler                          
00000a8f  PORT5_IRQHandler                          
00000a8f  PORT6_IRQHandler                          
00000a8f  PSS_IRQHandler                            
00000a8f  PendSV_Handler                            
00000a8f  RTC_C_IRQHandler                          
00000a83  Reset_Handler                             
00000a8f  SVC_Handler                               
00000a8f  SysTick_Handler                           
200000b0  SystemCoreClock                           
000000e5  SystemCoreClockUpdate                     
0000035d  SystemInit                                
00000a8f  T32_INT2_IRQHandler                       
00000a8f  T32_INTC_IRQHandler                       
00000a8f  TA0_0_IRQHandler                          
00000a8f  TA0_N_IRQHandler                          
00000a8f  TA1_0_IRQHandler                          
00000a8f  TA1_N_IRQHandler                          
00000a8f  TA2_0_IRQHandler                          
00000a8f  TA2_N_IRQHandler                          
00000a8f  TA3_0_IRQHandler                          
00000a8f  TA3_N_IRQHandler                          
00000aa9  Timer32_clearInterruptFlag                
00000ab3  Timer32_enableInterrupt                   
00000839  Timer32_initModule                        
00000975  Timer32_setCount                          
000009e1  Timer32_startTimer                        
00000a67  UART_clearInterruptFlag                   
00000a19  UART_enableInterrupt                      
00000a9d  UART_enableModule                         
000008fd  UART_getEnabledInterruptStatus            
00000abd  UART_getInterruptStatus                   
000005fd  UART_initModule                           
00000999  UART_receiveData                          
000009bd  UART_transmitData                         
00000a8f  UsageFault_Handler                        
4000480c  WDTCTL_SYM                                
00000a8f  WDT_A_IRQHandler                          
00000a01  WDT_A_holdTimer                           
20010000  __STACK_END                               
00000200  __STACK_SIZE                              
00000ba0  __TI_CINIT_Base                           
00000bb0  __TI_CINIT_Limit                          
00000b88  __TI_Handler_Table_Base                   
00000b94  __TI_Handler_Table_Limit                  
00000881  __TI_auto_init_nobinit_nopinit            
00000725  __TI_decompress_lzss                      
00000a75  __TI_decompress_none                      
ffffffff  __TI_pprof_out_hndl                       
ffffffff  __TI_prof_data_size                       
ffffffff  __TI_prof_data_start                      
00000000  __TI_static_base__                        
00000a45  __TI_zero_init_nomemset                   
00000561  __aeabi_memcpy                            
00000561  __aeabi_memcpy4                           
00000561  __aeabi_memcpy8                           
ffffffff  __binit__                                 
ffffffff  __c_args__                                
UNDEFED   __mpu_init                                
2000fe00  __stack                                   
000008c5  _c_int00_noargs                           
UNDEFED   _system_post_cinit                        
00000ac3  _system_pre_init                          
00000ac7  abort                                     
ffffffff  binit                                     
00000b0c  bleUARTConfig                             
000004f1  bluetoothIntHandler                       
000004f1  bluetoothIntHandler                       
00000b30  debugUARTConfig                           
000006e1  initTimer32                               
00000691  initUART                                  
00000000  interruptVectors                          
00000419  main                                      
00000561  memcpy                                    
000004b5  sendBufferToUART                          
00000523  timer32IntHandler                         
00000523  timer32IntHandler                         
00000539  toggleLED                                 
0000043d  usbIntHandler                             
0000043d  usbIntHandler                             


GLOBAL SYMBOLS: SORTED BY Symbol Address 

address   name                                      
-------   ----                                      
00000000  __TI_static_base__                        
00000000  interruptVectors                          
000000e5  SystemCoreClockUpdate                     
00000200  __STACK_SIZE                              
0000035d  SystemInit                                
00000419  main                                      
0000043d  usbIntHandler                             
0000043d  usbIntHandler                             
000004b5  sendBufferToUART                          
000004f1  bluetoothIntHandler                       
000004f1  bluetoothIntHandler                       
00000523  timer32IntHandler                         
00000523  timer32IntHandler                         
00000539  toggleLED                                 
00000561  __aeabi_memcpy                            
00000561  __aeabi_memcpy4                           
00000561  __aeabi_memcpy8                           
00000561  memcpy                                    
000005fd  UART_initModule                           
00000691  initUART                                  
000006e1  initTimer32                               
00000725  __TI_decompress_lzss                      
0000078d  Interrupt_enableInterrupt                 
000007f1  GPIO_setAsPeripheralModuleFunctionInputPin
00000839  Timer32_initModule                        
00000881  __TI_auto_init_nobinit_nopinit            
000008c5  _c_int00_noargs                           
000008fd  UART_getEnabledInterruptStatus            
0000092d  CS_setDCOCenteredFrequency                
00000951  GPIO_setAsOutputPin                       
00000975  Timer32_setCount                          
00000999  UART_receiveData                          
000009bd  UART_transmitData                         
000009e1  Timer32_startTimer                        
00000a01  WDT_A_holdTimer                           
00000a19  UART_enableInterrupt                      
00000a31  GPIO_toggleOutputOnPin                    
00000a45  __TI_zero_init_nomemset                   
00000a57  Interrupt_enableMaster                    
00000a67  UART_clearInterruptFlag                   
00000a75  __TI_decompress_none                      
00000a83  Reset_Handler                             
00000a8f  ADC14_IRQHandler                          
00000a8f  AES256_IRQHandler                         
00000a8f  BusFault_Handler                          
00000a8f  COMP_E0_IRQHandler                        
00000a8f  COMP_E1_IRQHandler                        
00000a8f  CS_IRQHandler                             
00000a8f  DMA_ERR_IRQHandler                        
00000a8f  DMA_INT0_IRQHandler                       
00000a8f  DMA_INT1_IRQHandler                       
00000a8f  DMA_INT2_IRQHandler                       
00000a8f  DMA_INT3_IRQHandler                       
00000a8f  DebugMon_Handler                          
00000a8f  Default_Handler                           
00000a8f  EUSCIA1_IRQHandler                        
00000a8f  EUSCIA3_IRQHandler                        
00000a8f  EUSCIB0_IRQHandler                        
00000a8f  EUSCIB1_IRQHandler                        
00000a8f  EUSCIB2_IRQHandler                        
00000a8f  EUSCIB3_IRQHandler                        
00000a8f  FLCTL_IRQHandler                          
00000a8f  FPU_IRQHandler                            
00000a8f  HardFault_Handler                         
00000a8f  MemManage_Handler                         
00000a8f  NMI_Handler                               
00000a8f  PCM_IRQHandler                            
00000a8f  PORT1_IRQHandler                          
00000a8f  PORT2_IRQHandler                          
00000a8f  PORT3_IRQHandler                          
00000a8f  PORT4_IRQHandler                          
00000a8f  PORT5_IRQHandler                          
00000a8f  PORT6_IRQHandler                          
00000a8f  PSS_IRQHandler                            
00000a8f  PendSV_Handler                            
00000a8f  RTC_C_IRQHandler                          
00000a8f  SVC_Handler                               
00000a8f  SysTick_Handler                           
00000a8f  T32_INT2_IRQHandler                       
00000a8f  T32_INTC_IRQHandler                       
00000a8f  TA0_0_IRQHandler                          
00000a8f  TA0_N_IRQHandler                          
00000a8f  TA1_0_IRQHandler                          
00000a8f  TA1_N_IRQHandler                          
00000a8f  TA2_0_IRQHandler                          
00000a8f  TA2_N_IRQHandler                          
00000a8f  TA3_0_IRQHandler                          
00000a8f  TA3_N_IRQHandler                          
00000a8f  UsageFault_Handler                        
00000a8f  WDT_A_IRQHandler                          
00000a91  CPU_cpsie                                 
00000a9d  UART_enableModule                         
00000aa9  Timer32_clearInterruptFlag                
00000ab3  Timer32_enableInterrupt                   
00000abd  UART_getInterruptStatus                   
00000ac3  _system_pre_init                          
00000ac7  C$$EXIT                                   
00000ac7  abort                                     
00000b0c  bleUARTConfig                             
00000b30  debugUARTConfig                           
00000b88  __TI_Handler_Table_Base                   
00000b94  __TI_Handler_Table_Limit                  
00000ba0  __TI_CINIT_Base                           
00000bb0  __TI_CINIT_Limit                          
200000b0  SystemCoreClock                           
2000fe00  __stack                                   
20010000  __STACK_END                               
4000480c  WDTCTL_SYM                                
ffffffff  __TI_pprof_out_hndl                       
ffffffff  __TI_prof_data_size                       
ffffffff  __TI_prof_data_start                      
ffffffff  __binit__                                 
ffffffff  __c_args__                                
ffffffff  binit                                     
UNDEFED   __mpu_init                                
UNDEFED   _system_post_cinit                        

[116 symbols]
